[    0.000000] Linux version 6.10.4local-73-local.74-g0f37b130dda9-dirty (root@abdu-B450M-S2H) (gcc (Ubuntu 13.2.0-23ubuntu4) 13.2.0, GNU ld (GNU Binutils for Ubuntu) 2.42) #7 SMP PREEMPT_DYNAMIC Tue Aug 20 02:05:30 EEST 2024
[    0.000000] Command line: BOOT_IMAGE=/boot/vmlinuz-6.10.4local-73-local.74-g0f37b130dda9-dirty root=UUID=cf984e6d-5fe6-4f24-a75b-88de126f2cae ro quiet splash vt.handoff=7
[    0.000000] KERNEL supported cpus:
[    0.000000]   Intel GenuineIntel
[    0.000000]   AMD AuthenticAMD
[    0.000000]   Hygon HygonGenuine
[    0.000000]   Centaur CentaurHauls
[    0.000000]   zhaoxin   Shanghai  
[    0.000000] BIOS-provided physical RAM map:
[    0.000000] BIOS-e820: [mem 0x0000000000000000-0x000000000009ffff] usable
[    0.000000] BIOS-e820: [mem 0x00000000000a0000-0x00000000000fffff] reserved
[    0.000000] BIOS-e820: [mem 0x0000000000100000-0x0000000009e01fff] usable
[    0.000000] BIOS-e820: [mem 0x0000000009e02000-0x0000000009ffffff] reserved
[    0.000000] BIOS-e820: [mem 0x000000000a000000-0x000000000a1fffff] usable
[    0.000000] BIOS-e820: [mem 0x000000000a200000-0x000000000a20afff] ACPI NVS
[    0.000000] BIOS-e820: [mem 0x000000000a20b000-0x000000000affffff] usable
[    0.000000] BIOS-e820: [mem 0x000000000b000000-0x000000000b01ffff] reserved
[    0.000000] BIOS-e820: [mem 0x000000000b020000-0x000000005b5c9fff] usable
[    0.000000] BIOS-e820: [mem 0x000000005b5ca000-0x000000005b70afff] reserved
[    0.000000] BIOS-e820: [mem 0x000000005b70b000-0x000000005b787fff] ACPI data
[    0.000000] BIOS-e820: [mem 0x000000005b788000-0x000000005bca1fff] ACPI NVS
[    0.000000] BIOS-e820: [mem 0x000000005bca2000-0x000000005cb9afff] reserved
[    0.000000] BIOS-e820: [mem 0x000000005cb9b000-0x000000005effffff] usable
[    0.000000] BIOS-e820: [mem 0x000000005f000000-0x00000000dfffffff] reserved
[    0.000000] BIOS-e820: [mem 0x00000000f8000000-0x00000000fbffffff] reserved
[    0.000000] BIOS-e820: [mem 0x00000000fd000000-0x00000000ffffffff] reserved
[    0.000000] BIOS-e820: [mem 0x0000000100000000-0x000000041f33ffff] usable
[    0.000000] NX (Execute Disable) protection: active
[    0.000000] APIC: Static calls initialized
[    0.000000] e820: update [mem 0x56fef018-0x56ffd057] usable ==> usable
[    0.000000] e820: update [mem 0x56fab018-0x56fb8457] usable ==> usable
[    0.000000] extended physical RAM map:
[    0.000000] reserve setup_data: [mem 0x0000000000000000-0x000000000009ffff] usable
[    0.000000] reserve setup_data: [mem 0x00000000000a0000-0x00000000000fffff] reserved
[    0.000000] reserve setup_data: [mem 0x0000000000100000-0x0000000009e01fff] usable
[    0.000000] reserve setup_data: [mem 0x0000000009e02000-0x0000000009ffffff] reserved
[    0.000000] reserve setup_data: [mem 0x000000000a000000-0x000000000a1fffff] usable
[    0.000000] reserve setup_data: [mem 0x000000000a200000-0x000000000a20afff] ACPI NVS
[    0.000000] reserve setup_data: [mem 0x000000000a20b000-0x000000000affffff] usable
[    0.000000] reserve setup_data: [mem 0x000000000b000000-0x000000000b01ffff] reserved
[    0.000000] reserve setup_data: [mem 0x000000000b020000-0x0000000056fab017] usable
[    0.000000] reserve setup_data: [mem 0x0000000056fab018-0x0000000056fb8457] usable
[    0.000000] reserve setup_data: [mem 0x0000000056fb8458-0x0000000056fef017] usable
[    0.000000] reserve setup_data: [mem 0x0000000056fef018-0x0000000056ffd057] usable
[    0.000000] reserve setup_data: [mem 0x0000000056ffd058-0x000000005b5c9fff] usable
[    0.000000] reserve setup_data: [mem 0x000000005b5ca000-0x000000005b70afff] reserved
[    0.000000] reserve setup_data: [mem 0x000000005b70b000-0x000000005b787fff] ACPI data
[    0.000000] reserve setup_data: [mem 0x000000005b788000-0x000000005bca1fff] ACPI NVS
[    0.000000] reserve setup_data: [mem 0x000000005bca2000-0x000000005cb9afff] reserved
[    0.000000] reserve setup_data: [mem 0x000000005cb9b000-0x000000005effffff] usable
[    0.000000] reserve setup_data: [mem 0x000000005f000000-0x00000000dfffffff] reserved
[    0.000000] reserve setup_data: [mem 0x00000000f8000000-0x00000000fbffffff] reserved
[    0.000000] reserve setup_data: [mem 0x00000000fd000000-0x00000000ffffffff] reserved
[    0.000000] reserve setup_data: [mem 0x0000000100000000-0x000000041f33ffff] usable
[    0.000000] efi: EFI v2.7 by American Megatrends
[    0.000000] efi: ACPI 2.0=0x5bc1e000 ACPI=0x5bc1e000 SMBIOS=0x5c9f4000 SMBIOS 3.0=0x5c9f3000 MEMATTR=0x59f5d318 ESRT=0x59ff6818 MOKvar=0x5c9fb000 INITRD=0x57163e18 RNG=0x5b787018 
[    0.000000] random: crng init done
[    0.000000] efi: Remove mem298: MMIO range=[0xf8000000-0xfbffffff] (64MB) from e820 map
[    0.000000] e820: remove [mem 0xf8000000-0xfbffffff] reserved
[    0.000000] efi: Remove mem299: MMIO range=[0xfd000000-0xffffffff] (48MB) from e820 map
[    0.000000] e820: remove [mem 0xfd000000-0xffffffff] reserved
[    0.000000] SMBIOS 3.2.0 present.
[    0.000000] DMI: Gigabyte Technology Co., Ltd. B450M S2H/B450M S2H, BIOS F50 11/27/2019
[    0.000000] DMI: Memory slots populated: 2/4
[    0.000000] tsc: Fast TSC calibration using PIT
[    0.000000] tsc: Detected 3693.027 MHz processor
[    0.000615] e820: update [mem 0x00000000-0x00000fff] usable ==> reserved
[    0.000618] e820: remove [mem 0x000a0000-0x000fffff] usable
[    0.000625] last_pfn = 0x41f340 max_arch_pfn = 0x400000000
[    0.000632] MTRR map: 5 entries (3 fixed + 2 variable; max 20), built from 9 variable MTRRs
[    0.000633] x86/PAT: Configuration [0-7]: WB  WC  UC- UC  WB  WP  UC- WT  
[    0.000822] e820: update [mem 0xe0000000-0xffffffff] usable ==> reserved
[    0.000829] last_pfn = 0x5f000 max_arch_pfn = 0x400000000
[    0.005106] esrt: Reserving ESRT space from 0x0000000059ff6818 to 0x0000000059ff6850.
[    0.005113] e820: update [mem 0x59ff6000-0x59ff6fff] usable ==> reserved
[    0.005150] Using GB pages for direct mapping
[    0.005915] Secure boot disabled
[    0.005916] RAMDISK: [mem 0x34ee1000-0x52f1ffff]
[    0.006293] ACPI: Early table checksum verification disabled
[    0.006296] ACPI: RSDP 0x000000005BC1E000 000024 (v02 ALASKA)
[    0.006299] ACPI: XSDT 0x000000005BC1E0A8 0000D4 (v01 ALASKA A M I    01072009 AMI  00010013)
[    0.006304] ACPI: FACP 0x000000005BC24E50 000114 (v06 ALASKA A M I    01072009 AMI  00010013)
[    0.006309] ACPI: DSDT 0x000000005BC1E218 006C35 (v02 ALASKA A M I    01072009 INTL 20160930)
[    0.006312] ACPI: FACS 0x000000005BC8AE00 000040
[    0.006314] ACPI: APIC 0x000000005BC24F68 00015E (v03 ALASKA A M I    01072009 AMI  00010013)
[    0.006317] ACPI: FPDT 0x000000005BC250C8 000044 (v01 ALASKA A M I    01072009 AMI  00010013)
[    0.006319] ACPI: FIDT 0x000000005BC25110 00009C (v01 ALASKA A M I    01072009 AMI  00010013)
[    0.006322] ACPI: SSDT 0x000000005BC251B0 000094 (v02 ALASKA A M I    01072009 AMI  01072009)
[    0.006325] ACPI: SSDT 0x000000005BC25248 005419 (v02 ALASKA A M I    00000002 MSFT 04000000)
[    0.006327] ACPI: SSDT 0x000000005BC2A668 003699 (v01 ALASKA A M I    00000001 INTL 20160930)
[    0.006330] ACPI: MCFG 0x000000005BC2DD08 00003C (v01 ALASKA A M I    01072009 MSFT 00010013)
[    0.006332] ACPI: SSDT 0x000000005BC2DD48 006823 (v01 ALASKA A M I    00000001 INTL 20160930)
[    0.006335] ACPI: HPET 0x000000005BC34570 000038 (v01 ALASKA A M I    01072009 AMI  00000005)
[    0.006337] ACPI: UEFI 0x000000005BC345A8 000042 (v01 ALASKA A M I    00000002      01000013)
[    0.006340] ACPI: BGRT 0x000000005BC345F0 000038 (v01 ALASKA A M I    01072009 AMI  00010013)
[    0.006342] ACPI: IVRS 0x000000005BC34628 0000D0 (v02 ALASKA A M I    00000001 AMD  00000000)
[    0.006345] ACPI: SSDT 0x000000005BC346F8 00119C (v01 ALASKA A M I    00000001 AMD  00000001)
[    0.006347] ACPI: CRAT 0x000000005BC35898 000810 (v01 ALASKA A M I    00000001 AMD  00000001)
[    0.006350] ACPI: CDIT 0x000000005BC360A8 000029 (v01 ALASKA A M I    00000001 AMD  00000001)
[    0.006352] ACPI: SSDT 0x000000005BC360D8 0012BE (v01 ALASKA A M I    00000001 INTL 20160930)
[    0.006355] ACPI: SSDT 0x000000005BC37398 00146E (v01 ALASKA A M I    00000001 INTL 20160930)
[    0.006358] ACPI: SSDT 0x000000005BC38808 001EC3 (v01 ALASKA A M I    00000001 INTL 20160930)
[    0.006360] ACPI: SSDT 0x000000005BC3A6D0 0000BF (v01 ALASKA A M I    00001000 INTL 20160930)
[    0.006363] ACPI: WSMT 0x000000005BC3A790 000028 (v01 ALASKA A M I    01072009 AMI  00010013)
[    0.006365] ACPI: SSDT 0x000000005BC3A7B8 0013F0 (v01 ALASKA A M I    00000001 INTL 20160930)
[    0.006367] ACPI: Reserving FACP table memory at [mem 0x5bc24e50-0x5bc24f63]
[    0.006369] ACPI: Reserving DSDT table memory at [mem 0x5bc1e218-0x5bc24e4c]
[    0.006370] ACPI: Reserving FACS table memory at [mem 0x5bc8ae00-0x5bc8ae3f]
[    0.006370] ACPI: Reserving APIC table memory at [mem 0x5bc24f68-0x5bc250c5]
[    0.006371] ACPI: Reserving FPDT table memory at [mem 0x5bc250c8-0x5bc2510b]
[    0.006372] ACPI: Reserving FIDT table memory at [mem 0x5bc25110-0x5bc251ab]
[    0.006373] ACPI: Reserving SSDT table memory at [mem 0x5bc251b0-0x5bc25243]
[    0.006374] ACPI: Reserving SSDT table memory at [mem 0x5bc25248-0x5bc2a660]
[    0.006375] ACPI: Reserving SSDT table memory at [mem 0x5bc2a668-0x5bc2dd00]
[    0.006375] ACPI: Reserving MCFG table memory at [mem 0x5bc2dd08-0x5bc2dd43]
[    0.006376] ACPI: Reserving SSDT table memory at [mem 0x5bc2dd48-0x5bc3456a]
[    0.006377] ACPI: Reserving HPET table memory at [mem 0x5bc34570-0x5bc345a7]
[    0.006378] ACPI: Reserving UEFI table memory at [mem 0x5bc345a8-0x5bc345e9]
[    0.006379] ACPI: Reserving BGRT table memory at [mem 0x5bc345f0-0x5bc34627]
[    0.006379] ACPI: Reserving IVRS table memory at [mem 0x5bc34628-0x5bc346f7]
[    0.006380] ACPI: Reserving SSDT table memory at [mem 0x5bc346f8-0x5bc35893]
[    0.006381] ACPI: Reserving CRAT table memory at [mem 0x5bc35898-0x5bc360a7]
[    0.006382] ACPI: Reserving CDIT table memory at [mem 0x5bc360a8-0x5bc360d0]
[    0.006383] ACPI: Reserving SSDT table memory at [mem 0x5bc360d8-0x5bc37395]
[    0.006384] ACPI: Reserving SSDT table memory at [mem 0x5bc37398-0x5bc38805]
[    0.006384] ACPI: Reserving SSDT table memory at [mem 0x5bc38808-0x5bc3a6ca]
[    0.006385] ACPI: Reserving SSDT table memory at [mem 0x5bc3a6d0-0x5bc3a78e]
[    0.006386] ACPI: Reserving WSMT table memory at [mem 0x5bc3a790-0x5bc3a7b7]
[    0.006387] ACPI: Reserving SSDT table memory at [mem 0x5bc3a7b8-0x5bc3bba7]
[    0.006550] No NUMA configuration found
[    0.006551] Faking a node at [mem 0x0000000000000000-0x000000041f33ffff]
[    0.006559] NODE_DATA(0) allocated [mem 0x41f315000-0x41f33ffff]
[    0.006710] Zone ranges:
[    0.006710]   DMA      [mem 0x0000000000001000-0x0000000000ffffff]
[    0.006712]   DMA32    [mem 0x0000000001000000-0x00000000ffffffff]
[    0.006713]   Normal   [mem 0x0000000100000000-0x000000041f33ffff]
[    0.006714]   Device   empty
[    0.006715] Movable zone start for each node
[    0.006718] Early memory node ranges
[    0.006718]   node   0: [mem 0x0000000000001000-0x000000000009ffff]
[    0.006719]   node   0: [mem 0x0000000000100000-0x0000000009e01fff]
[    0.006720]   node   0: [mem 0x000000000a000000-0x000000000a1fffff]
[    0.006721]   node   0: [mem 0x000000000a20b000-0x000000000affffff]
[    0.006722]   node   0: [mem 0x000000000b020000-0x000000005b5c9fff]
[    0.006723]   node   0: [mem 0x000000005cb9b000-0x000000005effffff]
[    0.006724]   node   0: [mem 0x0000000100000000-0x000000041f33ffff]
[    0.006725] Initmem setup node 0 [mem 0x0000000000001000-0x000000041f33ffff]
[    0.006730] On node 0, zone DMA: 1 pages in unavailable ranges
[    0.006744] On node 0, zone DMA: 96 pages in unavailable ranges
[    0.006872] On node 0, zone DMA32: 510 pages in unavailable ranges
[    0.006886] On node 0, zone DMA32: 11 pages in unavailable ranges
[    0.009078] On node 0, zone DMA32: 32 pages in unavailable ranges
[    0.009217] On node 0, zone DMA32: 5585 pages in unavailable ranges
[    0.031480] On node 0, zone Normal: 4096 pages in unavailable ranges
[    0.031510] On node 0, zone Normal: 3264 pages in unavailable ranges
[    0.031687] ACPI: PM-Timer IO Port: 0x808
[    0.031694] CPU topo: Ignoring hot-pluggable APIC ID 0 in present package.
[    0.031699] ACPI: LAPIC_NMI (acpi_id[0xff] high edge lint[0x1])
[    0.031714] IOAPIC[0]: apic_id 9, version 33, address 0xfec00000, GSI 0-23
[    0.031721] IOAPIC[1]: apic_id 10, version 33, address 0xfec01000, GSI 24-55
[    0.031723] ACPI: INT_SRC_OVR (bus 0 bus_irq 0 global_irq 2 dfl dfl)
[    0.031725] ACPI: INT_SRC_OVR (bus 0 bus_irq 9 global_irq 9 low level)
[    0.031729] ACPI: Using ACPI (MADT) for SMP configuration information
[    0.031730] ACPI: HPET id: 0x10228201 base: 0xfed00000
[    0.031740] e820: update [mem 0x57c24000-0x57c68fff] usable ==> reserved
[    0.031755] CPU topo: Max. logical packages:   1
[    0.031755] CPU topo: Max. logical dies:       1
[    0.031756] CPU topo: Max. dies per package:   1
[    0.031760] CPU topo: Max. threads per core:   2
[    0.031761] CPU topo: Num. cores per package:     4
[    0.031761] CPU topo: Num. threads per package:   8
[    0.031762] CPU topo: Allowing 8 present CPUs plus 0 hotplug CPUs
[    0.031762] CPU topo: Rejected CPUs 24
[    0.031776] PM: hibernation: Registered nosave memory: [mem 0x00000000-0x00000fff]
[    0.031777] PM: hibernation: Registered nosave memory: [mem 0x000a0000-0x000fffff]
[    0.031779] PM: hibernation: Registered nosave memory: [mem 0x09e02000-0x09ffffff]
[    0.031780] PM: hibernation: Registered nosave memory: [mem 0x0a200000-0x0a20afff]
[    0.031782] PM: hibernation: Registered nosave memory: [mem 0x0b000000-0x0b01ffff]
[    0.031783] PM: hibernation: Registered nosave memory: [mem 0x56fab000-0x56fabfff]
[    0.031784] PM: hibernation: Registered nosave memory: [mem 0x56fb8000-0x56fb8fff]
[    0.031786] PM: hibernation: Registered nosave memory: [mem 0x56fef000-0x56feffff]
[    0.031787] PM: hibernation: Registered nosave memory: [mem 0x56ffd000-0x56ffdfff]
[    0.031789] PM: hibernation: Registered nosave memory: [mem 0x57c24000-0x57c68fff]
[    0.031790] PM: hibernation: Registered nosave memory: [mem 0x59ff6000-0x59ff6fff]
[    0.031792] PM: hibernation: Registered nosave memory: [mem 0x5b5ca000-0x5b70afff]
[    0.031792] PM: hibernation: Registered nosave memory: [mem 0x5b70b000-0x5b787fff]
[    0.031793] PM: hibernation: Registered nosave memory: [mem 0x5b788000-0x5bca1fff]
[    0.031794] PM: hibernation: Registered nosave memory: [mem 0x5bca2000-0x5cb9afff]
[    0.031795] PM: hibernation: Registered nosave memory: [mem 0x5f000000-0xdfffffff]
[    0.031796] PM: hibernation: Registered nosave memory: [mem 0xe0000000-0xffffffff]
[    0.031798] [mem 0xe0000000-0xffffffff] available for PCI devices
[    0.031799] Booting paravirtualized kernel on bare hardware
[    0.031801] clocksource: refined-jiffies: mask: 0xffffffff max_cycles: 0xffffffff, max_idle_ns: 1910969940391419 ns
[    0.031809] setup_percpu: NR_CPUS:8192 nr_cpumask_bits:8 nr_cpu_ids:8 nr_node_ids:1
[    0.032357] percpu: Embedded 88 pages/cpu s237568 r8192 d114688 u524288
[    0.032363] pcpu-alloc: s237568 r8192 d114688 u524288 alloc=1*2097152
[    0.032365] pcpu-alloc: [0] 0 1 2 3 [0] 4 5 6 7 
[    0.032386] Kernel command line: BOOT_IMAGE=/boot/vmlinuz-6.10.4local-73-local.74-g0f37b130dda9-dirty root=UUID=cf984e6d-5fe6-4f24-a75b-88de126f2cae ro quiet splash vt.handoff=7
[    0.032459] Unknown kernel command line parameters "splash BOOT_IMAGE=/boot/vmlinuz-6.10.4local-73-local.74-g0f37b130dda9-dirty", will be passed to user space.
[    0.034179] Dentry cache hash table entries: 2097152 (order: 12, 16777216 bytes, linear)
[    0.035043] Inode-cache hash table entries: 1048576 (order: 11, 8388608 bytes, linear)
[    0.035102] Fallback order for Node 0: 0 
[    0.035107] Built 1 zonelists, mobility grouping on.  Total pages: 3656421
[    0.035108] Policy zone: Normal
[    0.035115] mem auto-init: stack:all(zero), heap alloc:on, heap free:off
[    0.035164] software IO TLB: area num 8.
[    0.075586] Memory: 13656196K/14625684K available (22528K kernel code, 4515K rwdata, 7836K rodata, 4968K init, 4660K bss, 969228K reserved, 0K cma-reserved)
[    0.076380] SLUB: HWalign=64, Order=0-3, MinObjects=0, CPUs=8, Nodes=1
[    0.076420] ftrace: allocating 55551 entries in 217 pages
[    0.083848] ftrace: allocated 217 pages with 5 groups
[    0.084523] Dynamic Preempt: voluntary
[    0.084588] rcu: Preemptible hierarchical RCU implementation.
[    0.084589] rcu: 	RCU restricting CPUs from NR_CPUS=8192 to nr_cpu_ids=8.
[    0.084590] 	Trampoline variant of Tasks RCU enabled.
[    0.084590] 	Rude variant of Tasks RCU enabled.
[    0.084591] 	Tracing variant of Tasks RCU enabled.
[    0.084591] rcu: RCU calculated value of scheduler-enlistment delay is 100 jiffies.
[    0.084592] rcu: Adjusting geometry for rcu_fanout_leaf=16, nr_cpu_ids=8
[    0.084599] RCU Tasks: Setting shift to 3 and lim to 1 rcu_task_cb_adjust=1.
[    0.084601] RCU Tasks Rude: Setting shift to 3 and lim to 1 rcu_task_cb_adjust=1.
[    0.084602] RCU Tasks Trace: Setting shift to 3 and lim to 1 rcu_task_cb_adjust=1.
[    0.087459] NR_IRQS: 524544, nr_irqs: 1032, preallocated irqs: 16
[    0.087676] rcu: srcu_init: Setting srcu_struct sizes based on contention.
[    0.087766] Console: colour dummy device 80x25
[    0.087768] printk: legacy console [tty0] enabled
[    0.087806] ACPI: Core revision 20240322
[    0.087965] clocksource: hpet: mask: 0xffffffff max_cycles: 0xffffffff, max_idle_ns: 133484873504 ns
[    0.087996] APIC: Switch to symmetric I/O mode setup
[    0.089104] AMD-Vi: Using global IVHD EFR:0x4f77ef22294ada, EFR2:0x0
[    0.090445] ..TIMER: vector=0x30 apic1=0 pin1=2 apic2=-1 pin2=-1
[    0.094999] clocksource: tsc-early: mask: 0xffffffffffffffff max_cycles: 0x6a77376b4e9, max_idle_ns: 881591127129 ns
[    0.095004] Calibrating delay loop (skipped), value calculated using timer frequency.. 7386.05 BogoMIPS (lpj=3693027)
[    0.095014] AMD Zen1 DIV0 bug detected. Disable SMT for full protection.
[    0.095048] LVT offset 1 assigned for vector 0xf9
[    0.095087] LVT offset 2 assigned for vector 0xf4
[    0.095098] Last level iTLB entries: 4KB 1024, 2MB 1024, 4MB 512
[    0.095099] Last level dTLB entries: 4KB 1536, 2MB 1536, 4MB 768, 1GB 0
[    0.095102] process: using mwait in idle threads
[    0.095104] Spectre V1 : Mitigation: usercopy/swapgs barriers and __user pointer sanitization
[    0.095105] Spectre V2 : Mitigation: Retpolines
[    0.095106] Spectre V2 : Spectre v2 / SpectreRSB mitigation: Filling RSB on context switch
[    0.095107] Spectre V2 : Spectre v2 / SpectreRSB : Filling RSB on VMEXIT
[    0.095108] Spectre V2 : Enabling Speculation Barrier for firmware calls
[    0.095108] RETBleed: Mitigation: untrained return thunk
[    0.095110] Spectre V2 : mitigation: Enabling conditional Indirect Branch Prediction Barrier
[    0.095112] Speculative Store Bypass: Mitigation: Speculative Store Bypass disabled via prctl
[    0.095113] Speculative Return Stack Overflow: Mitigation: Safe RET
[    0.095116] x86/fpu: Supporting XSAVE feature 0x001: 'x87 floating point registers'
[    0.095117] x86/fpu: Supporting XSAVE feature 0x002: 'SSE registers'
[    0.095118] x86/fpu: Supporting XSAVE feature 0x004: 'AVX registers'
[    0.095119] x86/fpu: xstate_offset[2]:  576, xstate_sizes[2]:  256
[    0.095121] x86/fpu: Enabled xstate features 0x7, context size is 832 bytes, using 'compacted' format.
[    0.123715] Freeing SMP alternatives memory: 48K
[    0.123720] pid_max: default: 32768 minimum: 301
[    0.129056] LSM: initializing lsm=lockdown,capability,landlock,yama,apparmor,ima,evm
[    0.129077] landlock: Up and running.
[    0.129079] Yama: becoming mindful.
[    0.129109] AppArmor: AppArmor initialized
[    0.129181] Mount-cache hash table entries: 32768 (order: 6, 262144 bytes, linear)
[    0.129201] Mountpoint-cache hash table entries: 32768 (order: 6, 262144 bytes, linear)
[    0.233221] smpboot: CPU0: AMD Ryzen 5 3400G with Radeon Vega Graphics (family: 0x17, model: 0x18, stepping: 0x1)
[    0.233472] Performance Events: Fam17h+ core perfctr, AMD PMU driver.
[    0.233478] ... version:                0
[    0.233479] ... bit width:              48
[    0.233481] ... generic registers:      6
[    0.233482] ... value mask:             0000ffffffffffff
[    0.233483] ... max period:             00007fffffffffff
[    0.233484] ... fixed-purpose events:   0
[    0.233486] ... event mask:             000000000000003f
[    0.233593] signal: max sigframe size: 1776
[    0.233632] rcu: Hierarchical SRCU implementation.
[    0.233634] rcu: 	Max phase no-delay instances is 400.
[    0.237371] NMI watchdog: Enabled. Permanently consumes one hw-PMU counter.
[    0.237458] smp: Bringing up secondary CPUs ...
[    0.237577] smpboot: x86: Booting SMP configuration:
[    0.237578] .... node  #0, CPUs:      #1 #2 #3 #4 #5 #6 #7
[    0.246055] smp: Brought up 1 node, 8 CPUs
[    0.246055] smpboot: Total of 8 processors activated (59088.43 BogoMIPS)
[    0.248390] devtmpfs: initialized
[    0.248390] x86/mm: Memory block size: 128MB
[    0.250912] ACPI: PM: Registering ACPI NVS region [mem 0x0a200000-0x0a20afff] (45056 bytes)
[    0.250912] ACPI: PM: Registering ACPI NVS region [mem 0x5b788000-0x5bca1fff] (5349376 bytes)
[    0.251148] clocksource: jiffies: mask: 0xffffffff max_cycles: 0xffffffff, max_idle_ns: 1911260446275000 ns
[    0.251159] futex hash table entries: 2048 (order: 5, 131072 bytes, linear)
[    0.251233] pinctrl core: initialized pinctrl subsystem
[    0.251346] PM: RTC time: 19:06:39, date: 2024-08-20
[    0.252015] NET: Registered PF_NETLINK/PF_ROUTE protocol family
[    0.252394] DMA: preallocated 2048 KiB GFP_KERNEL pool for atomic allocations
[    0.252637] DMA: preallocated 2048 KiB GFP_KERNEL|GFP_DMA pool for atomic allocations
[    0.252870] DMA: preallocated 2048 KiB GFP_KERNEL|GFP_DMA32 pool for atomic allocations
[    0.252893] audit: initializing netlink subsys (disabled)
[    0.252910] audit: type=2000 audit(1724180799.164:1): state=initialized audit_enabled=0 res=1
[    0.253165] thermal_sys: Registered thermal governor 'fair_share'
[    0.253168] thermal_sys: Registered thermal governor 'bang_bang'
[    0.253170] thermal_sys: Registered thermal governor 'step_wise'
[    0.253172] thermal_sys: Registered thermal governor 'user_space'
[    0.253173] thermal_sys: Registered thermal governor 'power_allocator'
[    0.253184] EISA bus registered
[    0.253195] cpuidle: using governor ladder
[    0.253200] cpuidle: using governor menu
[    0.253244] acpiphp: ACPI Hot Plug PCI Controller Driver version: 0.5
[    0.253245] PCI: ECAM [mem 0xf8000000-0xfbffffff] (base 0xf8000000) for domain 0000 [bus 00-3f]
[    0.253258] PCI: Using configuration type 1 for base access
[    0.253460] kprobes: kprobe jump-optimization is enabled. All kprobes are optimized if possible.
[    0.254077] HugeTLB: registered 1.00 GiB page size, pre-allocated 0 pages
[    0.254077] HugeTLB: 16380 KiB vmemmap can be freed for a 1.00 GiB page
[    0.254077] HugeTLB: registered 2.00 MiB page size, pre-allocated 0 pages
[    0.254077] HugeTLB: 28 KiB vmemmap can be freed for a 2.00 MiB page
[    0.254123] Demotion targets for Node 0: null
[    0.255182] ACPI: Added _OSI(Module Device)
[    0.255185] ACPI: Added _OSI(Processor Device)
[    0.255187] ACPI: Added _OSI(3.0 _SCP Extensions)
[    0.255189] ACPI: Added _OSI(Processor Aggregator Device)
[    0.280138] ACPI: 11 ACPI AML tables successfully acquired and loaded
[    0.283468] ACPI: [Firmware Bug]: BIOS _OSI(Linux) query ignored
[    0.290654] ACPI: _OSC evaluation for CPUs failed, trying _PDC
[    0.292701] ACPI: Interpreter enabled
[    0.292735] ACPI: PM: (supports S0 S3 S4 S5)
[    0.292738] ACPI: Using IOAPIC for interrupt routing
[    0.296246] PCI: Using host bridge windows from ACPI; if necessary, use "pci=nocrs" and report a bug
[    0.296250] PCI: Using E820 reservations for host bridge windows
[    0.297214] ACPI: Enabled 2 GPEs in block 00 to 1F
[    0.317638] ACPI: PCI Root Bridge [PCI0] (domain 0000 [bus 00-ff])
[    0.317646] acpi PNP0A08:00: _OSC: OS supports [ExtendedConfig ASPM ClockPM Segments MSI EDR HPX-Type3]
[    0.317815] acpi PNP0A08:00: _OSC: platform does not support [SHPCHotplug LTR DPC]
[    0.318128] acpi PNP0A08:00: _OSC: OS now controls [PCIeHotplug PME AER PCIeCapability]
[    0.318140] acpi PNP0A08:00: [Firmware Info]: ECAM [mem 0xf8000000-0xfbffffff] for domain 0000 [bus 00-3f] only partially covers this bridge
[    0.318878] PCI host bridge to bus 0000:00
[    0.318883] pci_bus 0000:00: root bus resource [io  0x0000-0x03af window]
[    0.318886] pci_bus 0000:00: root bus resource [io  0x03e0-0x0cf7 window]
[    0.318888] pci_bus 0000:00: root bus resource [io  0x03b0-0x03df window]
[    0.318890] pci_bus 0000:00: root bus resource [io  0x0d00-0xffff window]
[    0.318893] pci_bus 0000:00: root bus resource [mem 0x000a0000-0x000dffff window]
[    0.318895] pci_bus 0000:00: root bus resource [mem 0xe0000000-0xfec2ffff window]
[    0.318898] pci_bus 0000:00: root bus resource [mem 0xfee00000-0xffffffff window]
[    0.318900] pci_bus 0000:00: root bus resource [bus 00-ff]
[    0.318922] pci 0000:00:00.0: [1022:15d0] type 00 class 0x060000 conventional PCI endpoint
[    0.319071] pci 0000:00:00.2: [1022:15d1] type 00 class 0x080600 conventional PCI endpoint
[    0.319217] pci 0000:00:01.0: [1022:1452] type 00 class 0x060000 conventional PCI endpoint
[    0.319312] pci 0000:00:01.2: [1022:15d3] type 01 class 0x060400 PCIe Root Port
[    0.319335] pci 0000:00:01.2: PCI bridge to [bus 01-08]
[    0.319342] pci 0000:00:01.2:   bridge window [io  0xd000-0xefff]
[    0.319345] pci 0000:00:01.2:   bridge window [mem 0xfcc00000-0xfcefffff]
[    0.319362] pci 0000:00:01.2: enabling Extended Tags
[    0.319412] pci 0000:00:01.2: PME# supported from D0 D3hot D3cold
[    0.319782] pci 0000:00:08.0: [1022:1452] type 00 class 0x060000 conventional PCI endpoint
[    0.319878] pci 0000:00:08.1: [1022:15db] type 01 class 0x060400 PCIe Root Port
[    0.319902] pci 0000:00:08.1: PCI bridge to [bus 09]
[    0.319908] pci 0000:00:08.1:   bridge window [io  0xf000-0xffff]
[    0.319911] pci 0000:00:08.1:   bridge window [mem 0xfc800000-0xfcbfffff]
[    0.319921] pci 0000:00:08.1:   bridge window [mem 0xe0000000-0xf01fffff 64bit pref]
[    0.319930] pci 0000:00:08.1: enabling Extended Tags
[    0.319976] pci 0000:00:08.1: PME# supported from D0 D3hot D3cold
[    0.320286] pci 0000:00:08.2: [1022:15dc] type 01 class 0x060400 PCIe Root Port
[    0.320311] pci 0000:00:08.2: PCI bridge to [bus 0a]
[    0.320318] pci 0000:00:08.2:   bridge window [mem 0xfcf00000-0xfcffffff]
[    0.320335] pci 0000:00:08.2: enabling Extended Tags
[    0.320380] pci 0000:00:08.2: PME# supported from D0 D3hot D3cold
[    0.320685] pci 0000:00:14.0: [1022:790b] type 00 class 0x0c0500 conventional PCI endpoint
[    0.320860] pci 0000:00:14.3: [1022:790e] type 00 class 0x060100 conventional PCI endpoint
[    0.321052] pci 0000:00:18.0: [1022:15e8] type 00 class 0x060000 conventional PCI endpoint
[    0.321104] pci 0000:00:18.1: [1022:15e9] type 00 class 0x060000 conventional PCI endpoint
[    0.321155] pci 0000:00:18.2: [1022:15ea] type 00 class 0x060000 conventional PCI endpoint
[    0.321206] pci 0000:00:18.3: [1022:15eb] type 00 class 0x060000 conventional PCI endpoint
[    0.321256] pci 0000:00:18.4: [1022:15ec] type 00 class 0x060000 conventional PCI endpoint
[    0.321308] pci 0000:00:18.5: [1022:15ed] type 00 class 0x060000 conventional PCI endpoint
[    0.321358] pci 0000:00:18.6: [1022:15ee] type 00 class 0x060000 conventional PCI endpoint
[    0.321411] pci 0000:00:18.7: [1022:15ef] type 00 class 0x060000 conventional PCI endpoint
[    0.321561] pci 0000:01:00.0: [1022:43d5] type 00 class 0x0c0330 PCIe Legacy Endpoint
[    0.321580] pci 0000:01:00.0: BAR 0 [mem 0xfcea0000-0xfcea7fff 64bit]
[    0.321620] pci 0000:01:00.0: enabling Extended Tags
[    0.321684] pci 0000:01:00.0: PME# supported from D3hot D3cold
[    0.321910] pci 0000:01:00.1: [1022:43c8] type 00 class 0x010601 PCIe Legacy Endpoint
[    0.321957] pci 0000:01:00.1: BAR 5 [mem 0xfce80000-0xfce9ffff]
[    0.321967] pci 0000:01:00.1: ROM [mem 0xfce00000-0xfce7ffff pref]
[    0.321975] pci 0000:01:00.1: enabling Extended Tags
[    0.322021] pci 0000:01:00.1: PME# supported from D3hot D3cold
[    0.322145] pci 0000:01:00.2: [1022:43c6] type 01 class 0x060400 PCIe Switch Upstream Port
[    0.322174] pci 0000:01:00.2: PCI bridge to [bus 02-08]
[    0.322181] pci 0000:01:00.2:   bridge window [io  0xd000-0xefff]
[    0.322185] pci 0000:01:00.2:   bridge window [mem 0xfcc00000-0xfcdfffff]
[    0.322207] pci 0000:01:00.2: enabling Extended Tags
[    0.322257] pci 0000:01:00.2: PME# supported from D3hot D3cold
[    0.322427] pci 0000:00:01.2: PCI bridge to [bus 01-08]
[    0.322583] pci 0000:02:00.0: [1022:43c7] type 01 class 0x060400 PCIe Switch Downstream Port
[    0.322614] pci 0000:02:00.0: PCI bridge to [bus 03]
[    0.322644] pci 0000:02:00.0: enabling Extended Tags
[    0.322712] pci 0000:02:00.0: PME# supported from D3hot D3cold
[    0.322868] pci 0000:02:01.0: [1022:43c7] type 01 class 0x060400 PCIe Switch Downstream Port
[    0.322899] pci 0000:02:01.0: PCI bridge to [bus 04]
[    0.322930] pci 0000:02:01.0: enabling Extended Tags
[    0.322997] pci 0000:02:01.0: PME# supported from D3hot D3cold
[    0.323160] pci 0000:02:04.0: [1022:43c7] type 01 class 0x060400 PCIe Switch Downstream Port
[    0.323190] pci 0000:02:04.0: PCI bridge to [bus 05]
[    0.323221] pci 0000:02:04.0: enabling Extended Tags
[    0.323288] pci 0000:02:04.0: PME# supported from D3hot D3cold
[    0.323444] pci 0000:02:05.0: [1022:43c7] type 01 class 0x060400 PCIe Switch Downstream Port
[    0.323475] pci 0000:02:05.0: PCI bridge to [bus 06]
[    0.323482] pci 0000:02:05.0:   bridge window [io  0xe000-0xefff]
[    0.323486] pci 0000:02:05.0:   bridge window [mem 0xfcd00000-0xfcdfffff]
[    0.323510] pci 0000:02:05.0: enabling Extended Tags
[    0.323577] pci 0000:02:05.0: PME# supported from D3hot D3cold
[    0.323739] pci 0000:02:06.0: [1022:43c7] type 01 class 0x060400 PCIe Switch Downstream Port
[    0.323770] pci 0000:02:06.0: PCI bridge to [bus 07]
[    0.323800] pci 0000:02:06.0: enabling Extended Tags
[    0.323867] pci 0000:02:06.0: PME# supported from D3hot D3cold
[    0.324025] pci 0000:02:07.0: [1022:43c7] type 01 class 0x060400 PCIe Switch Downstream Port
[    0.324055] pci 0000:02:07.0: PCI bridge to [bus 08]
[    0.324062] pci 0000:02:07.0:   bridge window [io  0xd000-0xdfff]
[    0.324066] pci 0000:02:07.0:   bridge window [mem 0xfcc00000-0xfccfffff]
[    0.324090] pci 0000:02:07.0: enabling Extended Tags
[    0.324157] pci 0000:02:07.0: PME# supported from D3hot D3cold
[    0.324322] pci 0000:01:00.2: PCI bridge to [bus 02-08]
[    0.324388] pci 0000:02:00.0: PCI bridge to [bus 03]
[    0.324454] pci 0000:02:01.0: PCI bridge to [bus 04]
[    0.324520] pci 0000:02:04.0: PCI bridge to [bus 05]
[    0.324605] pci 0000:06:00.0: [10ec:8179] type 00 class 0x028000 PCIe Endpoint
[    0.324632] pci 0000:06:00.0: BAR 0 [io  0xe000-0xe0ff]
[    0.324665] pci 0000:06:00.0: BAR 2 [mem 0xfcd00000-0xfcd03fff 64bit]
[    0.324828] pci 0000:06:00.0: supports D1 D2
[    0.324830] pci 0000:06:00.0: PME# supported from D0 D1 D2 D3hot D3cold
[    0.325054] pci 0000:02:05.0: PCI bridge to [bus 06]
[    0.325109] pci 0000:02:06.0: PCI bridge to [bus 07]
[    0.325191] pci 0000:08:00.0: [10ec:8168] type 00 class 0x020000 PCIe Endpoint
[    0.325220] pci 0000:08:00.0: BAR 0 [io  0xd000-0xd0ff]
[    0.325258] pci 0000:08:00.0: BAR 2 [mem 0xfcc04000-0xfcc04fff 64bit]
[    0.325282] pci 0000:08:00.0: BAR 4 [mem 0xfcc00000-0xfcc03fff 64bit]
[    0.325447] pci 0000:08:00.0: supports D1 D2
[    0.325449] pci 0000:08:00.0: PME# supported from D0 D1 D2 D3hot D3cold
[    0.325734] pci 0000:02:07.0: PCI bridge to [bus 08]
[    0.325923] pci 0000:09:00.0: [1002:15d8] type 00 class 0x030000 PCIe Legacy Endpoint
[    0.325942] pci 0000:09:00.0: BAR 0 [mem 0xe0000000-0xefffffff 64bit pref]
[    0.325955] pci 0000:09:00.0: BAR 2 [mem 0xf0000000-0xf01fffff 64bit pref]
[    0.325964] pci 0000:09:00.0: BAR 4 [io  0xf000-0xf0ff]
[    0.325972] pci 0000:09:00.0: BAR 5 [mem 0xfcb00000-0xfcb7ffff]
[    0.325987] pci 0000:09:00.0: enabling Extended Tags
[    0.326016] pci 0000:09:00.0: Video device with shadowed ROM at [mem 0x000c0000-0x000dffff]
[    0.326075] pci 0000:09:00.0: PME# supported from D1 D2 D3hot D3cold
[    0.326267] pci 0000:09:00.1: [1002:15de] type 00 class 0x040300 PCIe Legacy Endpoint
[    0.326282] pci 0000:09:00.1: BAR 0 [mem 0xfcb88000-0xfcb8bfff]
[    0.326328] pci 0000:09:00.1: enabling Extended Tags
[    0.326376] pci 0000:09:00.1: PME# supported from D1 D2 D3hot D3cold
[    0.326497] pci 0000:09:00.2: [1022:15df] type 00 class 0x108000 PCIe Endpoint
[    0.326525] pci 0000:09:00.2: BAR 2 [mem 0xfca00000-0xfcafffff]
[    0.326546] pci 0000:09:00.2: BAR 5 [mem 0xfcb8c000-0xfcb8dfff]
[    0.326560] pci 0000:09:00.2: enabling Extended Tags
[    0.326734] pci 0000:09:00.3: [1022:15e0] type 00 class 0x0c0330 PCIe Endpoint
[    0.326753] pci 0000:09:00.3: BAR 0 [mem 0xfc900000-0xfc9fffff 64bit]
[    0.326792] pci 0000:09:00.3: enabling Extended Tags
[    0.326843] pci 0000:09:00.3: PME# supported from D0 D3hot D3cold
[    0.326985] pci 0000:09:00.4: [1022:15e1] type 00 class 0x0c0330 PCIe Endpoint
[    0.327006] pci 0000:09:00.4: BAR 0 [mem 0xfc800000-0xfc8fffff 64bit]
[    0.327045] pci 0000:09:00.4: enabling Extended Tags
[    0.327097] pci 0000:09:00.4: PME# supported from D0 D3hot D3cold
[    0.327224] pci 0000:09:00.6: [1022:15e3] type 00 class 0x040300 PCIe Endpoint
[    0.327239] pci 0000:09:00.6: BAR 0 [mem 0xfcb80000-0xfcb87fff]
[    0.327284] pci 0000:09:00.6: enabling Extended Tags
[    0.327332] pci 0000:09:00.6: PME# supported from D0 D3hot D3cold
[    0.327483] pci 0000:00:08.1: PCI bridge to [bus 09]
[    0.327592] pci 0000:0a:00.0: [1022:7901] type 00 class 0x010601 PCIe Endpoint
[    0.327639] pci 0000:0a:00.0: BAR 5 [mem 0xfcf00000-0xfcf007ff]
[    0.327653] pci 0000:0a:00.0: enabling Extended Tags
[    0.327707] pci 0000:0a:00.0: PME# supported from D3hot D3cold
[    0.327844] pci 0000:00:08.2: PCI bridge to [bus 0a]
[    0.328879] ACPI: PCI: Interrupt link LNKA configured for IRQ 0
[    0.328981] ACPI: PCI: Interrupt link LNKB configured for IRQ 0
[    0.329075] ACPI: PCI: Interrupt link LNKC configured for IRQ 0
[    0.329185] ACPI: PCI: Interrupt link LNKD configured for IRQ 0
[    0.329287] ACPI: PCI: Interrupt link LNKE configured for IRQ 0
[    0.329366] ACPI: PCI: Interrupt link LNKF configured for IRQ 0
[    0.329446] ACPI: PCI: Interrupt link LNKG configured for IRQ 0
[    0.329525] ACPI: PCI: Interrupt link LNKH configured for IRQ 0
[    0.333021] iommu: Default domain type: Translated
[    0.333021] iommu: DMA domain TLB invalidation policy: lazy mode
[    0.333199] SCSI subsystem initialized
[    0.333206] libata version 3.00 loaded.
[    0.333206] ACPI: bus type USB registered
[    0.333206] usbcore: registered new interface driver usbfs
[    0.333206] usbcore: registered new interface driver hub
[    0.333206] usbcore: registered new device driver usb
[    0.333206] pps_core: LinuxPPS API ver. 1 registered
[    0.333206] pps_core: Software ver. 5.3.6 - Copyright 2005-2007 Rodolfo Giometti <giometti@linux.it>
[    0.333206] PTP clock support registered
[    0.333206] EDAC MC: Ver: 3.0.0
[    0.334010] efivars: Registered efivars operations
[    0.334176] NetLabel: Initializing
[    0.334178] NetLabel:  domain hash size = 128
[    0.334179] NetLabel:  protocols = UNLABELED CIPSOv4 CALIPSO
[    0.334203] NetLabel:  unlabeled traffic allowed by default
[    0.334223] mctp: management component transport protocol core
[    0.334223] NET: Registered PF_MCTP protocol family
[    0.334223] PCI: Using ACPI for IRQ routing
[    0.336475] PCI: pci_cache_line_size set to 64 bytes
[    0.336554] e820: reserve RAM buffer [mem 0x09e02000-0x0bffffff]
[    0.336557] e820: reserve RAM buffer [mem 0x0a200000-0x0bffffff]
[    0.336559] e820: reserve RAM buffer [mem 0x0b000000-0x0bffffff]
[    0.336560] e820: reserve RAM buffer [mem 0x56fab018-0x57ffffff]
[    0.336562] e820: reserve RAM buffer [mem 0x56fef018-0x57ffffff]
[    0.336564] e820: reserve RAM buffer [mem 0x57c24000-0x57ffffff]
[    0.336566] e820: reserve RAM buffer [mem 0x59ff6000-0x5bffffff]
[    0.336567] e820: reserve RAM buffer [mem 0x5b5ca000-0x5bffffff]
[    0.336569] e820: reserve RAM buffer [mem 0x5f000000-0x5fffffff]
[    0.336571] e820: reserve RAM buffer [mem 0x41f340000-0x41fffffff]
[    0.336623] pci 0000:09:00.0: vgaarb: setting as boot VGA device
[    0.336623] pci 0000:09:00.0: vgaarb: bridge control possible
[    0.336623] pci 0000:09:00.0: vgaarb: VGA device added: decodes=io+mem,owns=io+mem,locks=none
[    0.336623] vgaarb: loaded
[    0.336623] hpet0: at MMIO 0xfed00000, IRQs 2, 8, 0
[    0.336623] hpet0: 3 comparators, 32-bit 14.318180 MHz counter
[    0.339059] clocksource: Switched to clocksource tsc-early
[    0.340510] VFS: Disk quotas dquot_6.6.0
[    0.340522] VFS: Dquot-cache hash table entries: 512 (order 0, 4096 bytes)
[    0.340684] AppArmor: AppArmor Filesystem Enabled
[    0.340725] pnp: PnP ACPI init
[    0.340873] system 00:00: [mem 0xf8000000-0xfbffffff] has been reserved
[    0.340989] system 00:01: [mem 0x60000000-0xdfffffff window] has been reserved
[    0.341512] system 00:03: [io  0x0a00-0x0a2f] has been reserved
[    0.341515] system 00:03: [io  0x0a30-0x0a3f] has been reserved
[    0.341518] system 00:03: [io  0x0a40-0x0a4f] has been reserved
[    0.342032] pnp 00:04: [dma 0 disabled]
[    0.342462] system 00:05: [io  0x04d0-0x04d1] has been reserved
[    0.342466] system 00:05: [io  0x040b] has been reserved
[    0.342468] system 00:05: [io  0x04d6] has been reserved
[    0.342471] system 00:05: [io  0x0c00-0x0c01] has been reserved
[    0.342473] system 00:05: [io  0x0c14] has been reserved
[    0.342475] system 00:05: [io  0x0c50-0x0c51] has been reserved
[    0.342478] system 00:05: [io  0x0c52] has been reserved
[    0.342480] system 00:05: [io  0x0c6c] has been reserved
[    0.342482] system 00:05: [io  0x0c6f] has been reserved
[    0.342485] system 00:05: [io  0x0cd0-0x0cd1] has been reserved
[    0.342487] system 00:05: [io  0x0cd2-0x0cd3] has been reserved
[    0.342489] system 00:05: [io  0x0cd4-0x0cd5] has been reserved
[    0.342492] system 00:05: [io  0x0cd6-0x0cd7] has been reserved
[    0.342494] system 00:05: [io  0x0cd8-0x0cdf] has been reserved
[    0.342496] system 00:05: [io  0x0800-0x089f] has been reserved
[    0.342499] system 00:05: [io  0x0b00-0x0b0f] has been reserved
[    0.342501] system 00:05: [io  0x0b20-0x0b3f] has been reserved
[    0.342503] system 00:05: [io  0x0900-0x090f] has been reserved
[    0.342506] system 00:05: [io  0x0910-0x091f] has been reserved
[    0.342508] system 00:05: [mem 0xfec00000-0xfec00fff] could not be reserved
[    0.342511] system 00:05: [mem 0xfec01000-0xfec01fff] could not be reserved
[    0.342514] system 00:05: [mem 0xfedc0000-0xfedc0fff] has been reserved
[    0.342516] system 00:05: [mem 0xfee00000-0xfee00fff] has been reserved
[    0.342519] system 00:05: [mem 0xfed80000-0xfed8ffff] could not be reserved
[    0.342521] system 00:05: [mem 0xfec10000-0xfec10fff] has been reserved
[    0.342524] system 00:05: [mem 0xff000000-0xffffffff] has been reserved
[    0.343365] pnp: PnP ACPI: found 6 devices
[    0.349964] clocksource: acpi_pm: mask: 0xffffff max_cycles: 0xffffff, max_idle_ns: 2085701024 ns
[    0.350045] NET: Registered PF_INET protocol family
[    0.350237] IP idents hash table entries: 262144 (order: 9, 2097152 bytes, linear)
[    0.352826] tcp_listen_portaddr_hash hash table entries: 8192 (order: 5, 131072 bytes, linear)
[    0.352857] Table-perturb hash table entries: 65536 (order: 6, 262144 bytes, linear)
[    0.352942] TCP established hash table entries: 131072 (order: 8, 1048576 bytes, linear)
[    0.353241] TCP bind hash table entries: 65536 (order: 9, 2097152 bytes, linear)
[    0.353351] TCP: Hash tables configured (established 131072 bind 65536)
[    0.353501] MPTCP token hash table entries: 16384 (order: 6, 393216 bytes, linear)
[    0.353563] UDP hash table entries: 8192 (order: 6, 262144 bytes, linear)
[    0.353612] UDP-Lite hash table entries: 8192 (order: 6, 262144 bytes, linear)
[    0.353692] NET: Registered PF_UNIX/PF_LOCAL protocol family
[    0.353705] NET: Registered PF_XDP protocol family
[    0.353731] pci 0000:02:00.0: PCI bridge to [bus 03]
[    0.353745] pci 0000:02:01.0: PCI bridge to [bus 04]
[    0.353756] pci 0000:02:04.0: PCI bridge to [bus 05]
[    0.353767] pci 0000:02:05.0: PCI bridge to [bus 06]
[    0.353771] pci 0000:02:05.0:   bridge window [io  0xe000-0xefff]
[    0.353777] pci 0000:02:05.0:   bridge window [mem 0xfcd00000-0xfcdfffff]
[    0.353785] pci 0000:02:06.0: PCI bridge to [bus 07]
[    0.353797] pci 0000:02:07.0: PCI bridge to [bus 08]
[    0.353800] pci 0000:02:07.0:   bridge window [io  0xd000-0xdfff]
[    0.353805] pci 0000:02:07.0:   bridge window [mem 0xfcc00000-0xfccfffff]
[    0.353813] pci 0000:01:00.2: PCI bridge to [bus 02-08]
[    0.353816] pci 0000:01:00.2:   bridge window [io  0xd000-0xefff]
[    0.353821] pci 0000:01:00.2:   bridge window [mem 0xfcc00000-0xfcdfffff]
[    0.353829] pci 0000:00:01.2: PCI bridge to [bus 01-08]
[    0.353832] pci 0000:00:01.2:   bridge window [io  0xd000-0xefff]
[    0.353836] pci 0000:00:01.2:   bridge window [mem 0xfcc00000-0xfcefffff]
[    0.353846] pci 0000:00:08.1: PCI bridge to [bus 09]
[    0.353853] pci 0000:00:08.1:   bridge window [io  0xf000-0xffff]
[    0.353857] pci 0000:00:08.1:   bridge window [mem 0xfc800000-0xfcbfffff]
[    0.353861] pci 0000:00:08.1:   bridge window [mem 0xe0000000-0xf01fffff 64bit pref]
[    0.353867] pci 0000:00:08.2: PCI bridge to [bus 0a]
[    0.353871] pci 0000:00:08.2:   bridge window [mem 0xfcf00000-0xfcffffff]
[    0.353880] pci_bus 0000:00: resource 4 [io  0x0000-0x03af window]
[    0.353883] pci_bus 0000:00: resource 5 [io  0x03e0-0x0cf7 window]
[    0.353885] pci_bus 0000:00: resource 6 [io  0x03b0-0x03df window]
[    0.353887] pci_bus 0000:00: resource 7 [io  0x0d00-0xffff window]
[    0.353889] pci_bus 0000:00: resource 8 [mem 0x000a0000-0x000dffff window]
[    0.353892] pci_bus 0000:00: resource 9 [mem 0xe0000000-0xfec2ffff window]
[    0.353894] pci_bus 0000:00: resource 10 [mem 0xfee00000-0xffffffff window]
[    0.353897] pci_bus 0000:01: resource 0 [io  0xd000-0xefff]
[    0.353899] pci_bus 0000:01: resource 1 [mem 0xfcc00000-0xfcefffff]
[    0.353901] pci_bus 0000:02: resource 0 [io  0xd000-0xefff]
[    0.353903] pci_bus 0000:02: resource 1 [mem 0xfcc00000-0xfcdfffff]
[    0.353906] pci_bus 0000:06: resource 0 [io  0xe000-0xefff]
[    0.353908] pci_bus 0000:06: resource 1 [mem 0xfcd00000-0xfcdfffff]
[    0.353910] pci_bus 0000:08: resource 0 [io  0xd000-0xdfff]
[    0.353913] pci_bus 0000:08: resource 1 [mem 0xfcc00000-0xfccfffff]
[    0.353915] pci_bus 0000:09: resource 0 [io  0xf000-0xffff]
[    0.353917] pci_bus 0000:09: resource 1 [mem 0xfc800000-0xfcbfffff]
[    0.353919] pci_bus 0000:09: resource 2 [mem 0xe0000000-0xf01fffff 64bit pref]
[    0.353922] pci_bus 0000:0a: resource 1 [mem 0xfcf00000-0xfcffffff]
[    0.354333] pci 0000:09:00.1: D0 power state depends on 0000:09:00.0
[    0.354348] pci 0000:09:00.3: extending delay after power-on from D3hot to 20 msec
[    0.354542] pci 0000:09:00.4: extending delay after power-on from D3hot to 20 msec
[    0.354674] PCI: CLS 64 bytes, default 64
[    0.354698] pci 0000:00:00.2: AMD-Vi: IOMMU performance counters supported
[    0.354761] Trying to unpack rootfs image as initramfs...
[    0.354777] pci 0000:00:01.0: Adding to iommu group 0
[    0.354794] pci 0000:00:01.2: Adding to iommu group 0
[    0.354837] pci 0000:00:08.0: Adding to iommu group 1
[    0.354853] pci 0000:00:08.1: Adding to iommu group 1
[    0.354871] pci 0000:00:08.2: Adding to iommu group 1
[    0.354906] pci 0000:00:14.0: Adding to iommu group 2
[    0.354923] pci 0000:00:14.3: Adding to iommu group 2
[    0.355009] pci 0000:00:18.0: Adding to iommu group 3
[    0.355027] pci 0000:00:18.1: Adding to iommu group 3
[    0.355045] pci 0000:00:18.2: Adding to iommu group 3
[    0.355062] pci 0000:00:18.3: Adding to iommu group 3
[    0.355080] pci 0000:00:18.4: Adding to iommu group 3
[    0.355098] pci 0000:00:18.5: Adding to iommu group 3
[    0.355115] pci 0000:00:18.6: Adding to iommu group 3
[    0.355134] pci 0000:00:18.7: Adding to iommu group 3
[    0.355140] pci 0000:01:00.0: Adding to iommu group 0
[    0.355150] pci 0000:01:00.1: Adding to iommu group 0
[    0.355158] pci 0000:01:00.2: Adding to iommu group 0
[    0.355164] pci 0000:02:00.0: Adding to iommu group 0
[    0.355171] pci 0000:02:01.0: Adding to iommu group 0
[    0.355177] pci 0000:02:04.0: Adding to iommu group 0
[    0.355187] pci 0000:02:05.0: Adding to iommu group 0
[    0.355194] pci 0000:02:06.0: Adding to iommu group 0
[    0.355201] pci 0000:02:07.0: Adding to iommu group 0
[    0.355209] pci 0000:06:00.0: Adding to iommu group 0
[    0.355215] pci 0000:08:00.0: Adding to iommu group 0
[    0.355229] pci 0000:09:00.0: Adding to iommu group 1
[    0.355236] pci 0000:09:00.1: Adding to iommu group 1
[    0.355242] pci 0000:09:00.2: Adding to iommu group 1
[    0.355249] pci 0000:09:00.3: Adding to iommu group 1
[    0.355255] pci 0000:09:00.4: Adding to iommu group 1
[    0.355262] pci 0000:09:00.6: Adding to iommu group 1
[    0.355271] pci 0000:0a:00.0: Adding to iommu group 1
[    0.355841] AMD-Vi: Extended features (0x4f77ef22294ada, 0x0): PPR NX GT IA GA PC GA_vAPIC
[    0.355851] AMD-Vi: Interrupt remapping enabled
[    0.356018] AMD-Vi: Virtual APIC enabled
[    0.356031] PCI-DMA: Using software bounce buffering for IO (SWIOTLB)
[    0.356032] software IO TLB: mapped [mem 0x0000000052fab000-0x0000000056fab000] (64MB)
[    0.356122] perf/amd_iommu: Detected AMD IOMMU #0 (2 banks, 4 counters/bank).
[    0.356759] Initialise system trusted keyrings
[    0.356768] Key type blacklist registered
[    0.356820] workingset: timestamp_bits=36 max_order=22 bucket_order=0
[    0.356831] zbud: loaded
[    0.357134] squashfs: version 4.0 (2009/01/31) Phillip Lougher
[    0.357257] fuse: init (API version 7.40)
[    0.357405] integrity: Platform Keyring initialized
[    0.357410] integrity: Machine keyring initialized
[    0.369926] Key type asymmetric registered
[    0.369929] Asymmetric key parser 'x509' registered
[    0.369963] Block layer SCSI generic (bsg) driver version 0.4 loaded (major 243)
[    0.370037] io scheduler mq-deadline registered
[    0.371467] pcieport 0000:00:01.2: PME: Signaling with IRQ 26
[    0.371632] pcieport 0000:00:08.1: PME: Signaling with IRQ 27
[    0.371878] pcieport 0000:00:08.2: PME: Signaling with IRQ 28
[    0.373129] shpchp: Standard Hot Plug PCI Controller Driver version: 0.4
[    0.373355] input: Power Button as /devices/LNXSYSTM:00/LNXSYBUS:00/PNP0C0C:00/input/input0
[    0.373386] ACPI: button: Power Button [PWRB]
[    0.373432] input: Power Button as /devices/LNXSYSTM:00/LNXPWRBN:00/input/input1
[    0.373508] ACPI: button: Power Button [PWRF]
[    0.373578] Monitor-Mwait will be used to enter C-1 state
[    0.373586] ACPI: \_PR_.C000: Found 2 idle states
[    0.373772] ACPI: \_PR_.C002: Found 2 idle states
[    0.373920] ACPI: \_PR_.C004: Found 2 idle states
[    0.374142] ACPI: \_PR_.C006: Found 2 idle states
[    0.374289] ACPI: \_PR_.C001: Found 2 idle states
[    0.374477] ACPI: \_PR_.C003: Found 2 idle states
[    0.374656] ACPI: \_PR_.C005: Found 2 idle states
[    0.374832] ACPI: \_PR_.C007: Found 2 idle states
[    0.685271] Freeing initrd memory: 491772K
[    1.399589] tsc: Refined TSC clocksource calibration: 3693.061 MHz
[    1.399613] clocksource: tsc: mask: 0xffffffffffffffff max_cycles: 0x6a7777116fa, max_idle_ns: 881590883556 ns
[    1.399662] clocksource: Switched to clocksource tsc
[    2.425593] ACPI: \_TZ_.TZ10: _PSL evaluation failure
[    2.426059] thermal LNXTHERM:00: registered as thermal_zone0
[    2.426062] ACPI: thermal: Thermal Zone [TZ10] (17 C)
[    2.426587] Serial: 8250/16550 driver, 32 ports, IRQ sharing enabled
[    2.447558] 00:04: ttyS0 at I/O 0x3f8 (irq = 3, base_baud = 115200) is a 16550A
[    2.451817] Linux agpgart interface v0.103
[    2.452441] ACPI: bus type drm_connector registered
[    2.455569] loop: module loaded
[    2.455909] tun: Universal TUN/TAP device driver, 1.6
[    2.455951] PPP generic driver version 2.4.2
[    2.456098] i8042: PNP: No PS/2 controller found.
[    2.456157] mousedev: PS/2 mouse device common for all mice
[    2.456264] rtc_cmos 00:02: RTC can wake from S4
[    2.456545] rtc_cmos 00:02: registered as rtc0
[    2.456583] rtc_cmos 00:02: setting system clock to 2024-08-20T19:06:41 UTC (1724180801)
[    2.456617] rtc_cmos 00:02: alarms up to one month, y3k, 114 bytes nvram, hpet irqs
[    2.456627] i2c_dev: i2c /dev entries driver
[    2.456651] device-mapper: core: CONFIG_IMA_DISABLE_HTABLE is disabled. Duplicate IMA measurements will not be recorded in the IMA log.
[    2.456660] device-mapper: uevent: version 1.0.3
[    2.456707] device-mapper: ioctl: 4.48.0-ioctl (2023-03-01) initialised: dm-devel@lists.linux.dev
[    2.456729] platform eisa.0: Probing EISA bus 0
[    2.456734] platform eisa.0: EISA: Cannot allocate resource for mainboard
[    2.456736] platform eisa.0: Cannot allocate resource for EISA slot 1
[    2.456738] platform eisa.0: Cannot allocate resource for EISA slot 2
[    2.456739] platform eisa.0: Cannot allocate resource for EISA slot 3
[    2.456741] platform eisa.0: Cannot allocate resource for EISA slot 4
[    2.456743] platform eisa.0: Cannot allocate resource for EISA slot 5
[    2.456745] platform eisa.0: Cannot allocate resource for EISA slot 6
[    2.456747] platform eisa.0: Cannot allocate resource for EISA slot 7
[    2.456748] platform eisa.0: Cannot allocate resource for EISA slot 8
[    2.456750] platform eisa.0: EISA: Detected 0 cards
[    2.456752] amd_pstate: the _CPC object is not present in SBIOS or ACPI disabled
[    2.457108] ledtrig-cpu: registered to indicate activity on CPUs
[    2.457310] [drm] Initialized simpledrm 1.0.0 20200625 for simple-framebuffer.0 on minor 0
[    2.457764] fbcon: Deferring console take-over
[    2.457768] simple-framebuffer simple-framebuffer.0: [drm] fb0: simpledrmdrmfb frame buffer device
[    2.457865] drop_monitor: Initializing network drop monitor service
[    2.457978] NET: Registered PF_INET6 protocol family
[    2.467337] Segment Routing with IPv6
[    2.467353] In-situ OAM (IOAM) with IPv6
[    2.467386] NET: Registered PF_PACKET protocol family
[    2.467445] Key type dns_resolver registered
[    2.468425] microcode: Current revision: 0x08108109
[    2.468572] IPI shorthand broadcast: enabled
[    2.471606] sched_clock: Marking stable (2471001197, 289938)->(2492596546, -21305411)
[    2.471722] Timer migration: 1 hierarchy levels; 8 children per group; 1 crossnode level
[    2.471856] registered taskstats version 1
[    2.472116] Loading compiled-in X.509 certificates
[    2.472815] Loaded X.509 cert 'Build time autogenerated kernel key: 6706e197abf24eba7ffa48f687d37239cf2d5fd5'
[    2.480272] Demotion targets for Node 0: null
[    2.480369] Key type .fscrypt registered
[    2.480371] Key type fscrypt-provisioning registered
[    2.498395] Key type encrypted registered
[    2.498403] AppArmor: AppArmor sha256 policy hashing enabled
[    2.500182] ima: No TPM chip found, activating TPM-bypass!
[    2.500186] Loading compiled-in module X.509 certificates
[    2.500875] Loaded X.509 cert 'Build time autogenerated kernel key: 6706e197abf24eba7ffa48f687d37239cf2d5fd5'
[    2.500879] ima: Allocated hash algorithm: sha256
[    2.500893] ima: No architecture policies found
[    2.500919] evm: Initialising EVM extended attributes:
[    2.500921] evm: security.selinux
[    2.500923] evm: security.SMACK64
[    2.500925] evm: security.SMACK64EXEC
[    2.500927] evm: security.SMACK64TRANSMUTE
[    2.500929] evm: security.SMACK64MMAP
[    2.500931] evm: security.apparmor
[    2.500932] evm: security.ima
[    2.500934] evm: security.capability
[    2.500936] evm: HMAC attrs: 0x1
[    2.501404] PM:   Magic number: 4:596:142
[    2.501457] acpi STK0004C:00: hash matches
[    2.501470] acpi device:13: hash matches
[    2.501742] acpi_cpufreq: overriding BIOS provided _PSD data
[    2.502777] hid_bpf: error while preloading HID BPF dispatcher: -22
[    2.502789] RAS: Correctable Errors collector initialized.
[    2.502839] clk: Disabling unused clocks
[    2.502841] PM: genpd: Disabling unused power domains
[    2.505142] Freeing unused decrypted memory: 2028K
[    2.505995] Freeing unused kernel image (initmem) memory: 4968K
[    2.506015] Write protecting the kernel read-only data: 30720k
[    2.506336] Freeing unused kernel image (rodata/data gap) memory: 356K
[    2.565411] x86/mm: Checked W+X mappings: passed, no W+X pages found.
[    2.565431] Run /init as init process
[    2.565433]   with arguments:
[    2.565435]     /init
[    2.565437]     splash
[    2.565438]   with environment:
[    2.565440]     HOME=/
[    2.565441]     TERM=linux
[    2.565442]     BOOT_IMAGE=/boot/vmlinuz-6.10.4local-73-local.74-g0f37b130dda9-dirty
[    2.732010] xhci_hcd 0000:01:00.0: xHCI Host Controller
[    2.732024] xhci_hcd 0000:01:00.0: new USB bus registered, assigned bus number 1
[    2.741658] ACPI: video: Video Device [VGA1] (multi-head: yes  rom: no  post: no)
[    2.742675] input: Video Bus as /devices/LNXSYSTM:00/LNXSYBUS:00/PNP0A08:00/device:0f/LNXVIDEO:01/input/input2
[    2.745966] ahci 0000:01:00.1: version 3.0
[    2.748959] ahci 0000:01:00.1: SSS flag set, parallel bus scan disabled
[    2.749007] ahci 0000:01:00.1: AHCI vers 0001.0301, 32 command slots, 6 Gbps, SATA mode
[    2.749011] ahci 0000:01:00.1: 4/8 ports implemented (port mask 0x33)
[    2.749015] ahci 0000:01:00.1: flags: 64bit ncq sntf stag pm led clo only pmp pio slum part sxs deso sadm sds apst 
[    2.762403] scsi host0: ahci
[    2.762644] scsi host1: ahci
[    2.762807] scsi host2: ahci
[    2.769562] scsi host3: ahci
[    2.769748] scsi host4: ahci
[    2.769933] scsi host5: ahci
[    2.770107] scsi host6: ahci
[    2.770308] scsi host7: ahci
[    2.770374] ata1: SATA max UDMA/133 abar m131072@0xfce80000 port 0xfce80100 irq 39 lpm-pol 3
[    2.770378] ata2: SATA max UDMA/133 abar m131072@0xfce80000 port 0xfce80180 irq 39 lpm-pol 3
[    2.770380] ata3: DUMMY
[    2.770382] ata4: DUMMY
[    2.770384] ata5: SATA max UDMA/133 abar m131072@0xfce80000 port 0xfce80300 irq 39 lpm-pol 3
[    2.770386] ata6: SATA max UDMA/133 abar m131072@0xfce80000 port 0xfce80380 irq 39 lpm-pol 3
[    2.770388] ata7: DUMMY
[    2.770389] ata8: DUMMY
[    2.771603] r8169 0000:08:00.0 eth0: RTL8168h/8111h, 18:c0:4d:30:ca:56, XID 541, IRQ 40
[    2.771609] r8169 0000:08:00.0 eth0: jumbo features [frames: 9194 bytes, tx checksumming: ko]
[    2.780951] ahci 0000:0a:00.0: AHCI vers 0001.0301, 32 command slots, 6 Gbps, SATA mode
[    2.780960] ahci 0000:0a:00.0: 1/1 ports implemented (port mask 0x1)
[    2.780965] ahci 0000:0a:00.0: flags: 64bit ncq sntf ilck pm led clo only pmp fbs pio slum part 
[    2.781464] scsi host8: ahci
[    2.781575] ata9: SATA max UDMA/133 abar m2048@0xfcf00000 port 0xfcf00100 irq 42 lpm-pol 3
[    2.787430] xhci_hcd 0000:01:00.0: hcc params 0x0200ef81 hci version 0x110 quirks 0x0000000000000010
[    2.787984] xhci_hcd 0000:01:00.0: xHCI Host Controller
[    2.787990] xhci_hcd 0000:01:00.0: new USB bus registered, assigned bus number 2
[    2.787997] xhci_hcd 0000:01:00.0: Host supports USB 3.1 Enhanced SuperSpeed
[    2.788140] usb usb1: New USB device found, idVendor=1d6b, idProduct=0002, bcdDevice= 6.10
[    2.788144] usb usb1: New USB device strings: Mfr=3, Product=2, SerialNumber=1
[    2.788147] usb usb1: Product: xHCI Host Controller
[    2.788150] usb usb1: Manufacturer: Linux 6.10.4local-73-local.74-g0f37b130dda9-dirty xhci-hcd
[    2.788153] usb usb1: SerialNumber: 0000:01:00.0
[    2.788431] hub 1-0:1.0: USB hub found
[    2.788471] hub 1-0:1.0: 10 ports detected
[    2.789175] usb usb2: We don't know the algorithms for LPM for this host, disabling LPM.
[    2.789241] usb usb2: New USB device found, idVendor=1d6b, idProduct=0003, bcdDevice= 6.10
[    2.789246] usb usb2: New USB device strings: Mfr=3, Product=2, SerialNumber=1
[    2.789249] usb usb2: Product: xHCI Host Controller
[    2.789253] usb usb2: Manufacturer: Linux 6.10.4local-73-local.74-g0f37b130dda9-dirty xhci-hcd
[    2.789256] usb usb2: SerialNumber: 0000:01:00.0
[    2.789438] hub 2-0:1.0: USB hub found
[    2.789455] hub 2-0:1.0: 4 ports detected
[    2.789703] usb: port power management may be unreliable
[    2.790037] xhci_hcd 0000:09:00.3: xHCI Host Controller
[    2.790047] xhci_hcd 0000:09:00.3: new USB bus registered, assigned bus number 3
[    2.790225] xhci_hcd 0000:09:00.3: hcc params 0x0270ffe5 hci version 0x110 quirks 0x0000000840000010
[    2.790765] xhci_hcd 0000:09:00.3: xHCI Host Controller
[    2.790771] xhci_hcd 0000:09:00.3: new USB bus registered, assigned bus number 4
[    2.790777] xhci_hcd 0000:09:00.3: Host supports USB 3.1 Enhanced SuperSpeed
[    2.790881] usb usb3: New USB device found, idVendor=1d6b, idProduct=0002, bcdDevice= 6.10
[    2.790886] usb usb3: New USB device strings: Mfr=3, Product=2, SerialNumber=1
[    2.790889] usb usb3: Product: xHCI Host Controller
[    2.790892] usb usb3: Manufacturer: Linux 6.10.4local-73-local.74-g0f37b130dda9-dirty xhci-hcd
[    2.790895] usb usb3: SerialNumber: 0000:09:00.3
[    2.791076] hub 3-0:1.0: USB hub found
[    2.791098] hub 3-0:1.0: 4 ports detected
[    2.791827] usb usb4: We don't know the algorithms for LPM for this host, disabling LPM.
[    2.791884] usb usb4: New USB device found, idVendor=1d6b, idProduct=0003, bcdDevice= 6.10
[    2.791888] usb usb4: New USB device strings: Mfr=3, Product=2, SerialNumber=1
[    2.791891] usb usb4: Product: xHCI Host Controller
[    2.791894] usb usb4: Manufacturer: Linux 6.10.4local-73-local.74-g0f37b130dda9-dirty xhci-hcd
[    2.791896] usb usb4: SerialNumber: 0000:09:00.3
[    2.792051] hub 4-0:1.0: USB hub found
[    2.792072] hub 4-0:1.0: 4 ports detected
[    2.793056] xhci_hcd 0000:09:00.4: xHCI Host Controller
[    2.793063] xhci_hcd 0000:09:00.4: new USB bus registered, assigned bus number 5
[    2.793210] xhci_hcd 0000:09:00.4: hcc params 0x0260ffe5 hci version 0x110 quirks 0x0000000840000010
[    2.793696] xhci_hcd 0000:09:00.4: xHCI Host Controller
[    2.793705] xhci_hcd 0000:09:00.4: new USB bus registered, assigned bus number 6
[    2.793712] xhci_hcd 0000:09:00.4: Host supports USB 3.1 Enhanced SuperSpeed
[    2.793825] usb usb5: New USB device found, idVendor=1d6b, idProduct=0002, bcdDevice= 6.10
[    2.793830] usb usb5: New USB device strings: Mfr=3, Product=2, SerialNumber=1
[    2.793833] usb usb5: Product: xHCI Host Controller
[    2.793836] usb usb5: Manufacturer: Linux 6.10.4local-73-local.74-g0f37b130dda9-dirty xhci-hcd
[    2.793839] usb usb5: SerialNumber: 0000:09:00.4
[    2.794028] hub 5-0:1.0: USB hub found
[    2.794047] hub 5-0:1.0: 1 port detected
[    2.794225] usb usb6: We don't know the algorithms for LPM for this host, disabling LPM.
[    2.794276] usb usb6: New USB device found, idVendor=1d6b, idProduct=0003, bcdDevice= 6.10
[    2.794279] usb usb6: New USB device strings: Mfr=3, Product=2, SerialNumber=1
[    2.794282] usb usb6: Product: xHCI Host Controller
[    2.794284] usb usb6: Manufacturer: Linux 6.10.4local-73-local.74-g0f37b130dda9-dirty xhci-hcd
[    2.794287] usb usb6: SerialNumber: 0000:09:00.4
[    2.794442] hub 6-0:1.0: USB hub found
[    2.794458] hub 6-0:1.0: 1 port detected
[    3.033304] usb 3-4: new low-speed USB device number 2 using xhci_hcd
[    3.033324] usb 5-1: new low-speed USB device number 2 using xhci_hcd
[    3.076563] ata1: SATA link down (SStatus 0 SControl 300)
[    3.094841] ata9: SATA link down (SStatus 0 SControl 300)
[    3.168009] usb 3-4: New USB device found, idVendor=1bcf, idProduct=08a0, bcdDevice= 1.04
[    3.168021] usb 3-4: New USB device strings: Mfr=0, Product=0, SerialNumber=0
[    3.178942] usb 5-1: New USB device found, idVendor=1a2c, idProduct=9ef4, bcdDevice= 1.10
[    3.178954] usb 5-1: New USB device strings: Mfr=1, Product=2, SerialNumber=0
[    3.178962] usb 5-1: Product: USB Gaming Keyboard 
[    3.178968] usb 5-1: Manufacturer: SEMICO  
[    3.535678] ata2: SATA link up 6.0 Gbps (SStatus 133 SControl 300)
[    3.536247] ata2.00: ATA-10: WDC WD10EZEX-08WN4A0, 02.01A02, max UDMA/100
[    3.537196] ata2.00: 1953525168 sectors, multi 16: LBA48 NCQ (depth 32), AA
[    3.537204] ata2.00: Features: NCQ-prio
[    3.538697] ata2.00: configured for UDMA/100
[    3.549562] scsi 1:0:0:0: Direct-Access     ATA      WDC WD10EZEX-08W 1A02 PQ: 0 ANSI: 5
[    3.550546] sd 1:0:0:0: Attached scsi generic sg0 type 0
[    3.550598] sd 1:0:0:0: [sda] 1953525168 512-byte logical blocks: (1.00 TB/932 GiB)
[    3.550611] sd 1:0:0:0: [sda] 4096-byte physical blocks
[    3.550655] sd 1:0:0:0: [sda] Write Protect is off
[    3.550665] sd 1:0:0:0: [sda] Mode Sense: 00 3a 00 00
[    3.550747] sd 1:0:0:0: [sda] Write cache: enabled, read cache: enabled, doesn't support DPO or FUA
[    3.550836] sd 1:0:0:0: [sda] Preferred minimum I/O size 4096 bytes
[    3.608281]  sda: sda1 sda2 sda3 sda4
[    3.608864] sd 1:0:0:0: [sda] Attached SCSI disk
[    4.023656] ata5: SATA link up 6.0 Gbps (SStatus 133 SControl 300)
[    4.023836] ata5.00: ATA-10: KINGSTON SA400S37240G, SBFKT1A3, max UDMA/133
[    4.023879] ata5.00: 468862128 sectors, multi 1: LBA48 NCQ (depth 32), AA
[    4.024048] ata5.00: configured for UDMA/133
[    4.035078] scsi 4:0:0:0: Direct-Access     ATA      KINGSTON SA400S3 T1A3 PQ: 0 ANSI: 5
[    4.036113] sd 4:0:0:0: Attached scsi generic sg1 type 0
[    4.036160] sd 4:0:0:0: [sdb] 468862128 512-byte logical blocks: (240 GB/224 GiB)
[    4.036207] sd 4:0:0:0: [sdb] Write Protect is off
[    4.036218] sd 4:0:0:0: [sdb] Mode Sense: 00 3a 00 00
[    4.036282] sd 4:0:0:0: [sdb] Write cache: enabled, read cache: enabled, doesn't support DPO or FUA
[    4.036366] sd 4:0:0:0: [sdb] Preferred minimum I/O size 512 bytes
[    4.039054]  sdb: sdb1 sdb2 sdb3 sdb4 sdb5
[    4.039476] sd 4:0:0:0: [sdb] Attached SCSI disk
[    4.342104] ata6: SATA link down (SStatus 0 SControl 330)
[    4.349490] r8169 0000:08:00.0 enp8s0: renamed from eth0
[    4.375505] hid: raw HID events driver (C) Jiri Kosina
[    4.405125] usbcore: registered new interface driver usbhid
[    4.405130] usbhid: USB HID core driver
[    4.412754] input: HID 1bcf:08a0 Mouse as /devices/pci0000:00/0000:00:08.1/0000:09:00.3/usb3/3-4/3-4:1.0/0003:1BCF:08A0.0001/input/input3
[    4.412921] input: HID 1bcf:08a0 Keyboard as /devices/pci0000:00/0000:00:08.1/0000:09:00.3/usb3/3-4/3-4:1.0/0003:1BCF:08A0.0001/input/input4
[    4.464422] input: HID 1bcf:08a0 as /devices/pci0000:00/0000:00:08.1/0000:09:00.3/usb3/3-4/3-4:1.0/0003:1BCF:08A0.0001/input/input5
[    4.464558] hid-generic 0003:1BCF:08A0.0001: input,hiddev0,hidraw0: USB HID v1.10 Mouse [HID 1bcf:08a0] on usb-0000:09:00.3-4/input0
[    4.464778] input: SEMICO   USB Gaming Keyboard  as /devices/pci0000:00/0000:00:08.1/0000:09:00.4/usb5/5-1/5-1:1.0/0003:1A2C:9EF4.0002/input/input6
[    4.516467] hid-generic 0003:1A2C:9EF4.0002: input,hidraw1: USB HID v1.10 Keyboard [SEMICO   USB Gaming Keyboard ] on usb-0000:09:00.4-1/input0
[    4.517209] input: SEMICO   USB Gaming Keyboard  Consumer Control as /devices/pci0000:00/0000:00:08.1/0000:09:00.4/usb5/5-1/5-1:1.1/0003:1A2C:9EF4.0003/input/input7
[    4.568445] input: SEMICO   USB Gaming Keyboard  System Control as /devices/pci0000:00/0000:00:08.1/0000:09:00.4/usb5/5-1/5-1:1.1/0003:1A2C:9EF4.0003/input/input8
[    4.568581] input: SEMICO   USB Gaming Keyboard  Keyboard as /devices/pci0000:00/0000:00:08.1/0000:09:00.4/usb5/5-1/5-1:1.1/0003:1A2C:9EF4.0003/input/input10
[    4.568789] hid-generic 0003:1A2C:9EF4.0003: input,hiddev1,hidraw2: USB HID v1.10 Keyboard [SEMICO   USB Gaming Keyboard ] on usb-0000:09:00.4-1/input1
[    5.431153] EXT4-fs (sdb4): mounted filesystem cf984e6d-5fe6-4f24-a75b-88de126f2cae ro with ordered data mode. Quota mode: none.
[    5.685523] systemd[1]: Inserted module 'autofs4'
[    5.767754] systemd[1]: systemd 255.4-1ubuntu8.2 running in system mode (+PAM +AUDIT +SELINUX +APPARMOR +IMA +SMACK +SECCOMP +GCRYPT -GNUTLS +OPENSSL +ACL +BLKID +CURL +ELFUTILS +FIDO2 +IDN2 -IDN +IPTC +KMOD +LIBCRYPTSETUP +LIBFDISK +PCRE2 -PWQUALITY +P11KIT +QRENCODE +TPM2 +BZIP2 +LZ4 +XZ +ZLIB +ZSTD -BPF_FRAMEWORK -XKBCOMMON +UTMP +SYSVINIT default-hierarchy=unified)
[    5.767797] systemd[1]: Detected architecture x86-64.
[    5.769733] systemd[1]: Hostname set to <abdu-B450M-S2H>.
[    6.117985] systemd[1]: Configuration file /run/systemd/system/netplan-ovs-cleanup.service is marked world-inaccessible. This has no effect as configuration data is accessible via APIs without restrictions. Proceeding anyway.
[    6.222278] systemd[1]: Queued start job for default target graphical.target.
[    6.246182] systemd[1]: Created slice machine.slice - Virtual Machine and Container Slice.
[    6.247040] systemd[1]: Created slice system-modprobe.slice - Slice /system/modprobe.
[    6.247530] systemd[1]: Created slice system-systemd\x2dfsck.slice - Slice /system/systemd-fsck.
[    6.247859] systemd[1]: Created slice user.slice - User and Session Slice.
[    6.247946] systemd[1]: Started systemd-ask-password-wall.path - Forward Password Requests to Wall Directory Watch.
[    6.248157] systemd[1]: Set up automount proc-sys-fs-binfmt_misc.automount - Arbitrary Executable File Formats File System Automount Point.
[    6.248181] systemd[1]: Expecting device dev-disk-by\x2duuid-2E03\x2d6667.device - /dev/disk/by-uuid/2E03-6667...
[    6.248204] systemd[1]: Reached target integritysetup.target - Local Integrity Protected Volumes.
[    6.248235] systemd[1]: Reached target remote-fs.target - Remote File Systems.
[    6.248247] systemd[1]: Reached target slices.target - Slice Units.
[    6.248265] systemd[1]: Reached target snapd.mounts-pre.target - Mounting snaps.
[    6.248302] systemd[1]: Reached target veritysetup.target - Local Verity Protected Volumes.
[    6.248412] systemd[1]: Listening on dm-event.socket - Device-mapper event daemon FIFOs.
[    6.249769] systemd[1]: Listening on lvm2-lvmpolld.socket - LVM2 poll daemon socket.
[    6.251094] systemd[1]: Listening on syslog.socket - Syslog Socket.
[    6.251217] systemd[1]: Listening on systemd-fsckd.socket - fsck to fsckd communication Socket.
[    6.251300] systemd[1]: Listening on systemd-initctl.socket - initctl Compatibility Named Pipe.
[    6.251439] systemd[1]: Listening on systemd-journald-dev-log.socket - Journal Socket (/dev/log).
[    6.251591] systemd[1]: Listening on systemd-journald.socket - Journal Socket.
[    6.251812] systemd[1]: Listening on systemd-oomd.socket - Userspace Out-Of-Memory (OOM) Killer Socket.
[    6.251849] systemd[1]: systemd-pcrextend.socket - TPM2 PCR Extension (Varlink) was skipped because of an unmet condition check (ConditionSecurity=measured-uki).
[    6.252000] systemd[1]: Listening on systemd-udevd-control.socket - udev Control Socket.
[    6.252119] systemd[1]: Listening on systemd-udevd-kernel.socket - udev Kernel Socket.
[    6.253367] systemd[1]: Mounting dev-hugepages.mount - Huge Pages File System...
[    6.254171] systemd[1]: Mounting dev-mqueue.mount - POSIX Message Queue File System...
[    6.255074] systemd[1]: Mounting sys-kernel-debug.mount - Kernel Debug File System...
[    6.255707] systemd[1]: Mounting sys-kernel-tracing.mount - Kernel Trace File System...
[    6.258045] systemd[1]: Starting systemd-journald.service - Journal Service...
[    6.258196] systemd[1]: Finished blk-availability.service - Availability of block devices.
[    6.259833] systemd[1]: Starting keyboard-setup.service - Set the console keyboard layout...
[    6.261037] systemd[1]: Starting kmod-static-nodes.service - Create List of Static Device Nodes...
[    6.262697] systemd[1]: Starting lvm2-monitor.service - Monitoring of LVM2 mirrors, snapshots etc. using dmeventd or progress polling...
[    6.266512] systemd[1]: Starting modprobe@configfs.service - Load Kernel Module configfs...
[    6.267961] systemd[1]: Starting modprobe@dm_mod.service - Load Kernel Module dm_mod...
[    6.269215] systemd[1]: Starting modprobe@drm.service - Load Kernel Module drm...
[    6.270480] systemd[1]: Starting modprobe@efi_pstore.service - Load Kernel Module efi_pstore...
[    6.272069] systemd[1]: Starting modprobe@fuse.service - Load Kernel Module fuse...
[    6.273965] systemd[1]: Starting modprobe@loop.service - Load Kernel Module loop...
[    6.274166] systemd[1]: systemd-fsck-root.service - File System Check on Root Device was skipped because of an unmet condition check (ConditionPathExists=!/run/initramfs/fsck-root).
[    6.276597] systemd[1]: Starting systemd-modules-load.service - Load Kernel Modules...
[    6.276635] systemd[1]: systemd-pcrmachine.service - TPM2 PCR Machine ID Measurement was skipped because of an unmet condition check (ConditionSecurity=measured-uki).
[    6.277945] systemd[1]: Starting systemd-remount-fs.service - Remount Root and Kernel File Systems...
[    6.278111] systemd[1]: systemd-tpm2-setup-early.service - TPM2 SRK Setup (Early) was skipped because of an unmet condition check (ConditionSecurity=measured-uki).
[    6.279323] systemd[1]: Starting systemd-udev-trigger.service - Coldplug All udev Devices...
[    6.281270] systemd[1]: Mounted dev-hugepages.mount - Huge Pages File System.
[    6.281512] systemd[1]: Mounted dev-mqueue.mount - POSIX Message Queue File System.
[    6.281634] systemd[1]: Mounted sys-kernel-debug.mount - Kernel Debug File System.
[    6.281746] systemd[1]: Mounted sys-kernel-tracing.mount - Kernel Trace File System.
[    6.282034] systemd[1]: Finished kmod-static-nodes.service - Create List of Static Device Nodes.
[    6.282447] systemd[1]: modprobe@configfs.service: Deactivated successfully.
[    6.282654] systemd[1]: Finished modprobe@configfs.service - Load Kernel Module configfs.
[    6.282979] systemd[1]: modprobe@dm_mod.service: Deactivated successfully.
[    6.283134] systemd[1]: Finished modprobe@dm_mod.service - Load Kernel Module dm_mod.
[    6.283415] systemd[1]: modprobe@drm.service: Deactivated successfully.
[    6.283574] systemd[1]: Finished modprobe@drm.service - Load Kernel Module drm.
[    6.283846] systemd[1]: modprobe@fuse.service: Deactivated successfully.
[    6.284010] systemd[1]: Finished modprobe@fuse.service - Load Kernel Module fuse.
[    6.284320] systemd[1]: modprobe@loop.service: Deactivated successfully.
[    6.284494] systemd[1]: Finished modprobe@loop.service - Load Kernel Module loop.
[    6.284750] pstore: Using crash dump compression: deflate
[    6.288168] systemd[1]: Mounting sys-fs-fuse-connections.mount - FUSE Control File System...
[    6.289851] systemd[1]: Mounting sys-kernel-config.mount - Kernel Configuration File System...
[    6.290146] systemd[1]: systemd-repart.service - Repartition Root Disk was skipped because no trigger condition checks were met.
[    6.299060] systemd-journald[458]: Collecting audit messages is disabled.
[    6.310516] pstore: Registered efi_pstore as persistent store backend
[    6.310610] systemd[1]: Starting systemd-tmpfiles-setup-dev-early.service - Create Static Device Nodes in /dev gracefully...
[    6.311486] systemd[1]: modprobe@efi_pstore.service: Deactivated successfully.
[    6.311773] systemd[1]: Finished modprobe@efi_pstore.service - Load Kernel Module efi_pstore.
[    6.313646] systemd[1]: Mounted sys-fs-fuse-connections.mount - FUSE Control File System.
[    6.313797] systemd[1]: Mounted sys-kernel-config.mount - Kernel Configuration File System.
[    6.319317] EXT4-fs (sdb4): re-mounted cf984e6d-5fe6-4f24-a75b-88de126f2cae r/w. Quota mode: none.
[    6.320544] systemd[1]: Finished systemd-remount-fs.service - Remount Root and Kernel File Systems.
[    6.321539] systemd[1]: Activating swap swapfile.swap - /swapfile...
[    6.323036] systemd[1]: systemd-hwdb-update.service - Rebuild Hardware Database was skipped because of an unmet condition check (ConditionNeedsUpdate=/etc).
[    6.324276] systemd[1]: Starting systemd-pstore.service - Platform Persistent Storage Archival...
[    6.326367] systemd[1]: Starting systemd-random-seed.service - Load/Save OS Random Seed...
[    6.326397] systemd[1]: systemd-tpm2-setup.service - TPM2 SRK Setup was skipped because of an unmet condition check (ConditionSecurity=measured-uki).
[    6.329879] lp: driver loaded but no devices found
[    6.338604] Adding 2097148k swap on /swapfile.  Priority:-2 extents:6 across:2260988k SS
[    6.338674] systemd[1]: Activated swap swapfile.swap - /swapfile.
[    6.338749] systemd[1]: Reached target swap.target - Swaps.
[    6.340977] ppdev: user-space parallel port driver
[    6.368994] systemd[1]: Finished systemd-random-seed.service - Load/Save OS Random Seed.
[    6.375504] systemd[1]: Finished systemd-pstore.service - Platform Persistent Storage Archival.
[    6.378192] systemd[1]: Finished systemd-tmpfiles-setup-dev-early.service - Create Static Device Nodes in /dev gracefully.
[    6.378448] systemd[1]: systemd-sysusers.service - Create System Users was skipped because no trigger condition checks were met.
[    6.392500] systemd[1]: Starting systemd-tmpfiles-setup-dev.service - Create Static Device Nodes in /dev...
[    6.392813] systemd[1]: Finished keyboard-setup.service - Set the console keyboard layout.
[    6.393081] systemd[1]: Finished systemd-modules-load.service - Load Kernel Modules.
[    6.394165] systemd[1]: Starting systemd-sysctl.service - Apply Kernel Variables...
[    6.394593] systemd[1]: Finished lvm2-monitor.service - Monitoring of LVM2 mirrors, snapshots etc. using dmeventd or progress polling.
[    6.402127] systemd[1]: Started systemd-journald.service - Journal Service.
[    6.415825] loop0: detected capacity change from 0 to 8
[    6.417420] loop1: detected capacity change from 0 to 354008
[    6.420438] loop2: detected capacity change from 0 to 353952
[    6.422680] loop3: detected capacity change from 0 to 18720
[    6.424202] loop4: detected capacity change from 0 to 27112
[    6.428687] loop5: detected capacity change from 0 to 641088
[    6.429732] loop6: detected capacity change from 0 to 641088
[    6.431398] loop7: detected capacity change from 0 to 212976
[    6.435455] loop8: detected capacity change from 0 to 213384
[    6.437060] loop9: detected capacity change from 0 to 113992
[    6.437968] loop10: detected capacity change from 0 to 113992
[    6.441217] loop11: detected capacity change from 0 to 130960
[    6.442465] loop12: detected capacity change from 0 to 130960
[    6.446320] loop13: detected capacity change from 0 to 152040
[    6.448328] loop14: detected capacity change from 0 to 152048
[    6.449941] loop15: detected capacity change from 0 to 135520
[    6.451479] loop16: detected capacity change from 0 to 135512
[    6.453608] loop17: detected capacity change from 0 to 136248
[    6.455005] loop18: detected capacity change from 0 to 138768
[    6.457268] loop19: detected capacity change from 0 to 229328
[    6.458459] loop20: detected capacity change from 0 to 229328
[    6.461159] loop21: detected capacity change from 0 to 552480
[    6.461914] loop22: detected capacity change from 0 to 551568
[    6.464927] loop23: detected capacity change from 0 to 337424
[    6.466930] loop24: detected capacity change from 0 to 337560
[    6.469167] loop25: detected capacity change from 0 to 709280
[    6.469920] loop26: detected capacity change from 0 to 716176
[    6.472152] loop27: detected capacity change from 0 to 1032504
[    6.474120] loop28: detected capacity change from 0 to 1034424
[    6.475788] loop29: detected capacity change from 0 to 824040
[    6.477896] loop30: detected capacity change from 0 to 133320
[    6.480264] loop31: detected capacity change from 0 to 187776
[    6.481360] loop32: detected capacity change from 0 to 921912
[    6.484331] loop33: detected capacity change from 0 to 897608
[    6.486751] loop34: detected capacity change from 0 to 909296
[    6.489900] loop35: detected capacity change from 0 to 4234496
[    6.490742] loop36: detected capacity change from 0 to 4209336
[    6.492884] loop37: detected capacity change from 0 to 433128
[    6.494312] loop38: detected capacity change from 0 to 460720
[    6.497035] loop39: detected capacity change from 0 to 952
[    6.498738] loop40: detected capacity change from 0 to 15128
[    6.500092] loop41: detected capacity change from 0 to 134424
[    6.502192] loop42: detected capacity change from 0 to 134064
[    6.505498] loop43: detected capacity change from 0 to 1368936
[    6.508260] loop44: detected capacity change from 0 to 315440
[    6.509749] loop45: detected capacity change from 0 to 315432
[    6.511285] loop46: detected capacity change from 0 to 424400
[    6.514023] loop47: detected capacity change from 0 to 301224
[    6.517412] loop49: detected capacity change from 0 to 305840
[    6.517412] loop48: detected capacity change from 0 to 26472
[    6.519164] loop50: detected capacity change from 0 to 21584
[    6.523326] loop51: detected capacity change from 0 to 79328
[    6.524792] loop52: detected capacity change from 0 to 79520
[    6.526078] loop53: detected capacity change from 0 to 952
[    6.528041] loop54: detected capacity change from 0 to 376176
[    6.530477] loop55: detected capacity change from 0 to 372328
[    6.534212] loop56: detected capacity change from 0 to 179640
[    6.534839] loop57: detected capacity change from 0 to 202880
[    6.537828] loop58: detected capacity change from 0 to 188032
[    6.538414] loop59: detected capacity change from 0 to 188040
[    6.540404] loop60: detected capacity change from 0 to 927864
[    6.541897] loop61: detected capacity change from 0 to 1019536
[    6.544705] loop62: detected capacity change from 0 to 1014096
[    6.545837] loop63: detected capacity change from 0 to 779312
[    6.548887] loop64: detected capacity change from 0 to 776952
[    6.553437] systemd-journald[458]: Received client request to flush runtime journal.
[    6.556392] systemd-journald[458]: File /var/log/journal/6c7e76f86a154e6fbf63099633e25a0b/system.journal corrupted or uncleanly shut down, renaming and replacing.
[    6.890573] ACPI Warning: SystemIO range 0x0000000000000B00-0x0000000000000B08 conflicts with OpRegion 0x0000000000000B00-0x0000000000000B0F (\GSA1.SMBI) (20240322/utaddress-204)
[    6.890589] ACPI: OSL: Resource conflict; ACPI support missing from driver?
[    6.930030] ccp 0000:09:00.2: ccp enabled
[    6.930049] ccp 0000:09:00.2: psp: unable to access the device: you might be running a broken BIOS.
[    6.942632] RAPL PMU: API unit is 2^-32 Joules, 1 fixed counters, 163840 ms ovfl timer
[    6.942638] RAPL PMU: hw unit of domain package 2^-16 Joules
[    6.955323] cryptd: max_cpu_qlen set to 1000
[    7.033536] AVX2 version of gcm_enc/dec engaged.
[    7.033580] AES CTR mode by8 optimization enabled
[    7.078693] cfg80211: Loading compiled-in X.509 certificates for regulatory database
[    7.079014] Loaded X.509 cert 'sforshee: 00b28ddf47aef9cea7'
[    7.079210] Loaded X.509 cert 'wens: 61c038651aabdcf94bd0ac7ff06c7248db18c600'
[    7.378258] kvm_amd: TSC scaling supported
[    7.378266] kvm_amd: Nested Virtualization enabled
[    7.378269] kvm_amd: Nested Paging enabled
[    7.378273] kvm_amd: LBR virtualization supported
[    7.378277] kvm_amd: SEV enabled (ASIDs 0 - 15)
[    7.378281] kvm_amd: SEV-ES enabled (ASIDs 0 - 4294967295)
[    7.378316] kvm_amd: Virtual VMLOAD VMSAVE supported
[    7.378320] kvm_amd: Virtual GIF supported
[    7.438207] MCE: In-kernel MCE decoding enabled.
[    7.464004] snd_hda_intel 0000:09:00.1: Handle vga_switcheroo audio client
[    7.531339] input: HD-Audio Generic HDMI/DP,pcm=3 as /devices/pci0000:00/0000:00:08.1/0000:09:00.1/sound/card0/input12
[    7.531641] input: HD-Audio Generic HDMI/DP,pcm=7 as /devices/pci0000:00/0000:00:08.1/0000:09:00.1/sound/card0/input13
[    7.531926] input: HD-Audio Generic HDMI/DP,pcm=8 as /devices/pci0000:00/0000:00:08.1/0000:09:00.1/sound/card0/input14
[    7.608081] snd_hda_codec_realtek hdaudioC1D0: autoconfig for ALC887-VD: line_outs=1 (0x14/0x0/0x0/0x0/0x0) type:line
[    7.608089] snd_hda_codec_realtek hdaudioC1D0:    speaker_outs=0 (0x0/0x0/0x0/0x0/0x0)
[    7.608092] snd_hda_codec_realtek hdaudioC1D0:    hp_outs=1 (0x1b/0x0/0x0/0x0/0x0)
[    7.608096] snd_hda_codec_realtek hdaudioC1D0:    mono: mono_out=0x0
[    7.608098] snd_hda_codec_realtek hdaudioC1D0:    dig-out=0x11/0x0
[    7.608101] snd_hda_codec_realtek hdaudioC1D0:    inputs:
[    7.608104] snd_hda_codec_realtek hdaudioC1D0:      Front Mic=0x19
[    7.608107] snd_hda_codec_realtek hdaudioC1D0:      Rear Mic=0x18
[    7.608109] snd_hda_codec_realtek hdaudioC1D0:      Line=0x1a
[    7.613369] intel_rapl_common: Found RAPL domain package
[    7.613375] intel_rapl_common: Found RAPL domain core
[    7.615148] rtl8188ee 0000:06:00.0: enabling device (0000 -> 0003)
[    7.617354] AMD Address Translation Library initialized
[    7.623700] rtl8188ee: rtl8188ee: FW Power Save off (module option)
[    7.623725] rtl8188ee: Using firmware rtlwifi/rtl8188efw.bin
[    7.626628] ieee80211 phy0: Selected rate control algorithm 'rtl_rc'
[    7.627079] rtlwifi: rtlwifi: wireless switch is on
[    7.628977] input: HD-Audio Generic Front Mic as /devices/pci0000:00/0000:00:08.1/0000:09:00.6/sound/card1/input15
[    7.629061] input: HD-Audio Generic Rear Mic as /devices/pci0000:00/0000:00:08.1/0000:09:00.6/sound/card1/input16
[    7.629170] input: HD-Audio Generic Line as /devices/pci0000:00/0000:00:08.1/0000:09:00.6/sound/card1/input17
[    7.629255] input: HD-Audio Generic Line Out as /devices/pci0000:00/0000:00:08.1/0000:09:00.6/sound/card1/input18
[    7.629339] input: HD-Audio Generic Front Headphone as /devices/pci0000:00/0000:00:08.1/0000:09:00.6/sound/card1/input19
[    7.638319] rtl8188ee 0000:06:00.0 wlp6s0: renamed from wlan0
[    7.789962] audit: type=1400 audit(1724180806.831:2): apparmor="STATUS" operation="profile_load" profile="unconfined" name="busybox" pid=1015 comm="apparmor_parser"
[    7.789969] audit: type=1400 audit(1724180806.831:3): apparmor="STATUS" operation="profile_load" profile="unconfined" name=4D6F6E676F444220436F6D70617373 pid=1010 comm="apparmor_parser"
[    7.789972] audit: type=1400 audit(1724180806.831:4): apparmor="STATUS" operation="profile_load" profile="unconfined" name="buildah" pid=1014 comm="apparmor_parser"
[    7.789975] audit: type=1400 audit(1724180806.831:5): apparmor="STATUS" operation="profile_load" profile="unconfined" name="Discord" pid=1009 comm="apparmor_parser"
[    7.789977] audit: type=1400 audit(1724180806.831:6): apparmor="STATUS" operation="profile_load" profile="unconfined" name="1password" pid=1006 comm="apparmor_parser"
[    7.789980] audit: type=1400 audit(1724180806.831:7): apparmor="STATUS" operation="profile_load" profile="unconfined" name="brave" pid=1013 comm="apparmor_parser"
[    7.790007] audit: type=1400 audit(1724180806.831:8): apparmor="STATUS" operation="profile_load" profile="unconfined" name="cam" pid=1016 comm="apparmor_parser"
[    7.790045] audit: type=1400 audit(1724180806.831:9): apparmor="STATUS" operation="profile_load" profile="unconfined" name="QtWebEngineProcess" pid=1011 comm="apparmor_parser"
[    7.793236] audit: type=1400 audit(1724180806.834:10): apparmor="STATUS" operation="profile_load" profile="unconfined" name="ch-checkns" pid=1020 comm="apparmor_parser"
[    7.793244] audit: type=1400 audit(1724180806.834:11): apparmor="STATUS" operation="profile_load" profile="unconfined" name="ch-run" pid=1021 comm="apparmor_parser"
[    8.725777] NET: Registered PF_QIPCRTR protocol family
[    8.745267] loop65: detected capacity change from 0 to 8
[   12.029672] [drm] amdgpu kernel modesetting enabled.
[   12.047345] amdgpu: Virtual CRAT table created for CPU
[   12.047366] amdgpu: Topology: Add CPU node
[   12.047554] [drm] initializing kernel modesetting (RAVEN 0x1002:0x15D8 0x1002:0x15D8 0xC8).
[   12.047568] [drm] register mmio base: 0xFCB00000
[   12.047569] [drm] register mmio size: 524288
[   12.047671] [drm] add ip block number 0 <soc15_common>
[   12.047680] [drm] add ip block number 1 <gmc_v9_0>
[   12.047685] [drm] add ip block number 2 <vega10_ih>
[   12.047690] [drm] add ip block number 3 <psp>
[   12.047695] [drm] add ip block number 4 <powerplay>
[   12.047699] [drm] add ip block number 5 <dm>
[   12.047704] [drm] add ip block number 6 <gfx_v9_0>
[   12.047708] [drm] add ip block number 7 <sdma_v4_0>
[   12.047713] [drm] add ip block number 8 <vcn_v1_0>
[   12.073446] [drm] BIOS signature incorrect 0 0
[   12.073488] amdgpu 0000:09:00.0: amdgpu: Fetched VBIOS from ROM BAR
[   12.073492] amdgpu: ATOM BIOS: 113-PICASSO-115
[   12.083171] [drm] VCN decode is enabled in VM mode
[   12.083175] [drm] VCN encode is enabled in VM mode
[   12.083176] [drm] JPEG decode is enabled in VM mode
[   12.109655] amdgpu 0000:09:00.0: vgaarb: deactivate vga console
[   12.109663] amdgpu 0000:09:00.0: amdgpu: Trusted Memory Zone (TMZ) feature enabled
[   12.109721] [drm] vm size is 262144 GB, 4 levels, block size is 9-bit, fragment size is 9-bit
[   12.109731] amdgpu 0000:09:00.0: amdgpu: VRAM: 2048M 0x000000F400000000 - 0x000000F47FFFFFFF (2048M used)
[   12.109736] amdgpu 0000:09:00.0: amdgpu: GART: 1024M 0x0000000000000000 - 0x000000003FFFFFFF
[   12.109747] [drm] Detected VRAM RAM=2048M, BAR=2048M
[   12.109750] [drm] RAM width 128bits DDR4
[   12.109935] [drm] amdgpu: 2048M of VRAM memory ready
[   12.109939] [drm] amdgpu: 6964M of GTT memory ready.
[   12.109966] [drm] GART: num cpu pages 262144, num gpu pages 262144
[   12.110148] [drm] PCIE GART of 1024M enabled.
[   12.110150] [drm] PTB located at 0x000000F400A00000
[   12.110897] amdgpu: hwmgr_sw_init smu backed is smu10_smu
[   12.113087] [drm] Found VCN firmware Version ENC: 1.15 DEC: 3 VEP: 0 Revision: 0
[   12.113099] amdgpu 0000:09:00.0: amdgpu: Will use PSP to load VCN firmware
[   12.133895] amdgpu 0000:09:00.0: amdgpu: reserve 0x400000 from 0xf47fc00000 for PSP TMR
[   12.199924] amdgpu 0000:09:00.0: amdgpu: RAS: optional ras ta ucode is not available
[   12.204616] amdgpu 0000:09:00.0: amdgpu: RAP: optional rap ta ucode is not available
[   12.207716] amdgpu 0000:09:00.0: amdgpu: psp gfx command LOAD_TA(0x1) failed and response status is (0x7)
[   12.207938] amdgpu 0000:09:00.0: amdgpu: psp gfx command INVOKE_CMD(0x3) failed and response status is (0x4)
[   12.207942] amdgpu 0000:09:00.0: amdgpu: Secure display: Generic Failure.
[   12.207946] amdgpu 0000:09:00.0: amdgpu: SECUREDISPLAY: query securedisplay TA failed. ret 0x0
[   12.208983] [drm] DM_PPLIB: values for F clock
[   12.208988] [drm] DM_PPLIB:	 1500000 in kHz, 4399 in mV
[   12.208991] [drm] DM_PPLIB: values for DCF clock
[   12.208993] [drm] DM_PPLIB:	 300000 in kHz, 3099 in mV
[   12.208996] [drm] DM_PPLIB:	 600000 in kHz, 3574 in mV
[   12.208998] [drm] DM_PPLIB:	 626000 in kHz, 4250 in mV
[   12.209000] [drm] DM_PPLIB:	 654000 in kHz, 4399 in mV
[   12.209323] [drm] Display Core v3.2.281 initialized on DCN 1.0
[   12.249792] snd_hda_intel 0000:09:00.1: bound 0000:09:00.0 (ops amdgpu_dm_audio_component_bind_ops [amdgpu])
[   12.335309] [drm] kiq ring mec 2 pipe 1 q 0
[   12.349491] [drm] VCN decode and encode initialized successfully(under SPG Mode).
[   12.351459] kfd kfd: amdgpu: Allocated 3969056 bytes on gart
[   12.351483] kfd kfd: amdgpu: Total number of KFD nodes to be created: 1
[   12.351653] amdgpu: Virtual CRAT table created for GPU
[   12.351755] amdgpu: Topology: Add dGPU node [0x15d8:0x1002]
[   12.351758] kfd kfd: amdgpu: added device 1002:15d8
[   12.351776] amdgpu 0000:09:00.0: amdgpu: SE 1, SH per SE 1, CU per SH 11, active_cu_number 11
[   12.351783] amdgpu 0000:09:00.0: amdgpu: ring gfx uses VM inv eng 0 on hub 0
[   12.351786] amdgpu 0000:09:00.0: amdgpu: ring comp_1.0.0 uses VM inv eng 1 on hub 0
[   12.351789] amdgpu 0000:09:00.0: amdgpu: ring comp_1.1.0 uses VM inv eng 4 on hub 0
[   12.351792] amdgpu 0000:09:00.0: amdgpu: ring comp_1.2.0 uses VM inv eng 5 on hub 0
[   12.351794] amdgpu 0000:09:00.0: amdgpu: ring comp_1.3.0 uses VM inv eng 6 on hub 0
[   12.351797] amdgpu 0000:09:00.0: amdgpu: ring comp_1.0.1 uses VM inv eng 7 on hub 0
[   12.351800] amdgpu 0000:09:00.0: amdgpu: ring comp_1.1.1 uses VM inv eng 8 on hub 0
[   12.351802] amdgpu 0000:09:00.0: amdgpu: ring comp_1.2.1 uses VM inv eng 9 on hub 0
[   12.351805] amdgpu 0000:09:00.0: amdgpu: ring comp_1.3.1 uses VM inv eng 10 on hub 0
[   12.351808] amdgpu 0000:09:00.0: amdgpu: ring kiq_0.2.1.0 uses VM inv eng 11 on hub 0
[   12.351811] amdgpu 0000:09:00.0: amdgpu: ring sdma0 uses VM inv eng 0 on hub 8
[   12.351814] amdgpu 0000:09:00.0: amdgpu: ring vcn_dec uses VM inv eng 1 on hub 8
[   12.351817] amdgpu 0000:09:00.0: amdgpu: ring vcn_enc0 uses VM inv eng 4 on hub 8
[   12.351819] amdgpu 0000:09:00.0: amdgpu: ring vcn_enc1 uses VM inv eng 5 on hub 8
[   12.351822] amdgpu 0000:09:00.0: amdgpu: ring jpeg_dec uses VM inv eng 6 on hub 8
[   12.358494] amdgpu: pp_dpm_get_sclk_od was not implemented.
[   12.358499] amdgpu: pp_dpm_get_mclk_od was not implemented.
[   12.358690] amdgpu 0000:09:00.0: amdgpu: Runtime PM not available
[   12.359179] [drm] Initialized amdgpu 3.57.0 20150101 for 0000:09:00.0 on minor 1
[   12.365507] fbcon: amdgpudrmfb (fb0) is primary device
[   12.365512] fbcon: Deferring console take-over
[   12.365516] amdgpu 0000:09:00.0: [drm] fb0: amdgpudrmfb frame buffer device
[   12.902355] Generic FE-GE Realtek PHY r8169-0-800:00: attached PHY driver (mii_bus:phy_addr=r8169-0-800:00, irq=MAC)
[   13.076451] r8169 0000:08:00.0 enp8s0: Link is Down
[   13.136049] rtl8188ee: Polling FW ready fail!! REG_MCUFWDL:0x00020006 .
[   13.136055] rtl8188ee: Firmware is not ready to run!
[   13.648388] kauditd_printk_skb: 218 callbacks suppressed
[   13.648391] audit: type=1400 audit(1724180812.689:230): apparmor="DENIED" operation="capable" class="cap" profile="/usr/lib/snapd/snap-confine" pid=1862 comm="snap-confine" capability=12  capname="net_admin"
[   13.648397] audit: type=1400 audit(1724180812.689:231): apparmor="DENIED" operation="capable" class="cap" profile="/usr/lib/snapd/snap-confine" pid=1862 comm="snap-confine" capability=38  capname="perfmon"
[   13.683437] audit: type=1400 audit(1724180812.725:232): apparmor="DENIED" operation="capable" class="cap" profile="/usr/sbin/cupsd" pid=1852 comm="cupsd" capability=12  capname="net_admin"
[   13.905120] bridge: filtering via arp/ip/ip6tables is no longer available by default. Update your scripts to load br_netfilter if you need this.
[   14.611175] wlp6s0: authenticate with 24:d3:f2:bc:d7:e9 (local address=ac:15:a2:a2:e5:a6)
[   14.611181] wlp6s0: send auth to 24:d3:f2:bc:d7:e9 (try 1/3)
[   14.622354] wlp6s0: authenticated
[   14.624771] wlp6s0: associate with 24:d3:f2:bc:d7:e9 (try 1/3)
[   14.629580] wlp6s0: RX AssocResp from 24:d3:f2:bc:d7:e9 (capab=0xc11 status=0 aid=7)
[   14.631551] wlp6s0: associated
[   14.892748] audit: type=1400 audit(1724180813.934:233): apparmor="DENIED" operation="open" class="file" profile="snap-update-ns.snapd-desktop-integration" name="/proc/2235/maps" pid=2235 comm="5" requested_mask="r" denied_mask="r" fsuid=125 ouid=0
[   14.899391] audit: type=1400 audit(1724180813.941:234): apparmor="DENIED" operation="sendmsg" class="net" profile="/usr/lib/snapd/snap-confine" pid=2150 comm="snap-confine" family="unix" sock_type="stream" protocol=0 requested_mask="send" denied_mask="send"
[   14.899398] audit: type=1400 audit(1724180813.941:235): apparmor="DENIED" operation="sendmsg" class="net" profile="/usr/lib/snapd/snap-confine" pid=2150 comm="snap-confine" family="unix" sock_type="stream" protocol=0 requested_mask="send" denied_mask="send"
[   16.010684] audit: type=1326 audit(1724180815.052:236): auid=4294967295 uid=0 gid=0 ses=4294967295 subj=snap.cups.cupsd pid=2134 comm="cups-proxyd" exe="/snap/cups/1058/sbin/cups-proxyd" sig=0 arch=c000003e syscall=314 compat=0 ip=0x7792f2d1e88d code=0x50000
[   17.015360] cups-proxyd[2134]: segfault at 18 ip 00005bfee5926d75 sp 00007ffe5a858a40 error 4 in cups-proxyd[9d75,5bfee5923000+7000] likely on CPU 4 (core 0, socket 0)
[   17.015374] Code: 83 3d ee b2 00 00 00 41 54 55 48 89 fd 53 0f 85 f4 00 00 00 48 8d 1d 69 3d 00 00 48 63 45 1c 48 89 df 48 c1 e0 05 48 03 45 08 <48> 8b 50 18 8b 70 14 e8 0f d0 ff ff 44 8b 65 18 48 89 c7 45 85 e4
[   17.773865] rfkill: input handler disabled
[   22.458304] systemd-journald[458]: File /var/log/journal/6c7e76f86a154e6fbf63099633e25a0b/user-1000.journal corrupted or uncleanly shut down, renaming and replacing.
[   22.872548] audit: type=1400 audit(1724180821.914:237): apparmor="DENIED" operation="capable" class="cap" profile="/usr/lib/snapd/snap-confine" pid=2862 comm="snap-confine" capability=12  capname="net_admin"
[   22.872572] audit: type=1400 audit(1724180821.914:238): apparmor="DENIED" operation="capable" class="cap" profile="/usr/lib/snapd/snap-confine" pid=2862 comm="snap-confine" capability=38  capname="perfmon"
[   22.878757] audit: type=1400 audit(1724180821.920:239): apparmor="DENIED" operation="open" class="file" profile="snap-update-ns.snapd-desktop-integration" name="/proc/2928/maps" pid=2928 comm="5" requested_mask="r" denied_mask="r" fsuid=1000 ouid=0
[   23.145681] rfkill: input handler enabled
[   25.378503] rfkill: input handler disabled
[   25.506718] audit: type=1400 audit(1724180824.548:240): apparmor="DENIED" operation="capable" class="cap" profile="/usr/lib/snapd/snap-confine" pid=3509 comm="snap-confine" capability=12  capname="net_admin"
[   25.506817] audit: type=1400 audit(1724180824.548:241): apparmor="DENIED" operation="capable" class="cap" profile="/usr/lib/snapd/snap-confine" pid=3509 comm="snap-confine" capability=38  capname="perfmon"
[   25.516766] audit: type=1400 audit(1724180824.558:242): apparmor="DENIED" operation="open" class="file" profile="snap-update-ns.snapd-desktop-integration" name="/proc/3618/maps" pid=3618 comm="5" requested_mask="r" denied_mask="r" fsuid=1000 ouid=0
[   26.037422] audit: type=1326 audit(1724180825.079:243): auid=1000 uid=1000 gid=1000 ses=3 subj=snap.snapd-desktop-integration.snapd-desktop-integration pid=3678 comm="snapd-desktop-i" exe="/snap/snapd-desktop-integration/157/usr/bin/snapd-desktop-integration" sig=0 arch=c000003e syscall=203 compat=0 ip=0x7a56a449b531 code=0x50000
[   26.037429] audit: type=1326 audit(1724180825.079:244): auid=1000 uid=1000 gid=1000 ses=3 subj=snap.snapd-desktop-integration.snapd-desktop-integration pid=3678 comm="snapd-desktop-i" exe="/snap/snapd-desktop-integration/157/usr/bin/snapd-desktop-integration" sig=0 arch=c000003e syscall=203 compat=0 ip=0x7a56a449b531 code=0x50000
[   26.037432] audit: type=1326 audit(1724180825.079:245): auid=1000 uid=1000 gid=1000 ses=3 subj=snap.snapd-desktop-integration.snapd-desktop-integration pid=3678 comm="snapd-desktop-i" exe="/snap/snapd-desktop-integration/157/usr/bin/snapd-desktop-integration" sig=0 arch=c000003e syscall=203 compat=0 ip=0x7a56a449b531 code=0x50000
[   26.037437] audit: type=1326 audit(1724180825.079:246): auid=1000 uid=1000 gid=1000 ses=3 subj=snap.snapd-desktop-integration.snapd-desktop-integration pid=3678 comm="snapd-desktop-i" exe="/snap/snapd-desktop-integration/157/usr/bin/snapd-desktop-integration" sig=0 arch=c000003e syscall=203 compat=0 ip=0x7a56a449b531 code=0x50000
[   41.482445] EXT4-fs (sda4): recovery complete
[   41.493386] EXT4-fs (sda4): mounted filesystem 30d82853-a6c1-4840-bbe8-970ab693676b r/w with ordered data mode. Quota mode: none.
[  161.211345] warning: `ThreadPoolForeg' uses wireless extensions which will stop working for Wi-Fi 7 hardware; use nl80211
[  834.078257] mymodule: no symbol version for module_layout
[  834.078338] mymodule: loading out-of-tree module taints kernel.
[  834.078345] mymodule: module verification failed: signature and/or required key missing - tainting kernel
[  834.078378] mymodule: disagrees about version of symbol param_set_int
[  834.078382] mymodule: Unknown symbol param_set_int (err -22)
[  837.651949] mymodule: disagrees about version of symbol param_set_int
[  837.651958] mymodule: Unknown symbol param_set_int (err -22)
[  939.411888] HEllo, kernel
[ 1226.123637] Goodbye, Kernel
[ 1227.452682] HEllo, kernel
